Archive member included to satisfy reference by file (symbol)

/usr/lib/gcc/arm-none-eabi/9.2.1/../../../arm-none-eabi/lib/thumb/v7e-m/nofp/libg_nano.a(lib_a-atexit.o)
                              /usr/lib/gcc/arm-none-eabi/9.2.1/../../../arm-none-eabi/lib/thumb/v7e-m/nofp/crt0.o (atexit)
/usr/lib/gcc/arm-none-eabi/9.2.1/../../../arm-none-eabi/lib/thumb/v7e-m/nofp/libg_nano.a(lib_a-errno.o)
                              objdir-CW308_STM32F3/stm32f3_sysmem.o (__errno)
/usr/lib/gcc/arm-none-eabi/9.2.1/../../../arm-none-eabi/lib/thumb/v7e-m/nofp/libg_nano.a(lib_a-exit.o)
                              /usr/lib/gcc/arm-none-eabi/9.2.1/../../../arm-none-eabi/lib/thumb/v7e-m/nofp/crt0.o (exit)
/usr/lib/gcc/arm-none-eabi/9.2.1/../../../arm-none-eabi/lib/thumb/v7e-m/nofp/libg_nano.a(lib_a-fini.o)
                              /usr/lib/gcc/arm-none-eabi/9.2.1/../../../arm-none-eabi/lib/thumb/v7e-m/nofp/crt0.o (__libc_fini_array)
/usr/lib/gcc/arm-none-eabi/9.2.1/../../../arm-none-eabi/lib/thumb/v7e-m/nofp/libg_nano.a(lib_a-impure.o)
                              /usr/lib/gcc/arm-none-eabi/9.2.1/../../../arm-none-eabi/lib/thumb/v7e-m/nofp/libg_nano.a(lib_a-exit.o) (_global_impure_ptr)
/usr/lib/gcc/arm-none-eabi/9.2.1/../../../arm-none-eabi/lib/thumb/v7e-m/nofp/libg_nano.a(lib_a-init.o)
                              /usr/lib/gcc/arm-none-eabi/9.2.1/../../../arm-none-eabi/lib/thumb/v7e-m/nofp/crt0.o (__libc_init_array)
/usr/lib/gcc/arm-none-eabi/9.2.1/../../../arm-none-eabi/lib/thumb/v7e-m/nofp/libg_nano.a(lib_a-memset.o)
                              /usr/lib/gcc/arm-none-eabi/9.2.1/../../../arm-none-eabi/lib/thumb/v7e-m/nofp/crt0.o (memset)
/usr/lib/gcc/arm-none-eabi/9.2.1/../../../arm-none-eabi/lib/thumb/v7e-m/nofp/libg_nano.a(lib_a-__atexit.o)
                              /usr/lib/gcc/arm-none-eabi/9.2.1/../../../arm-none-eabi/lib/thumb/v7e-m/nofp/libg_nano.a(lib_a-atexit.o) (__register_exitproc)
/usr/lib/gcc/arm-none-eabi/9.2.1/../../../arm-none-eabi/lib/thumb/v7e-m/nofp/libg_nano.a(lib_a-__call_atexit.o)
                              /usr/lib/gcc/arm-none-eabi/9.2.1/../../../arm-none-eabi/lib/thumb/v7e-m/nofp/libg_nano.a(lib_a-__atexit.o) (__call_exitprocs)
/usr/lib/gcc/arm-none-eabi/9.2.1/../../../arm-none-eabi/lib/thumb/v7e-m/nofp/libnosys.a(_exit.o)
                              /usr/lib/gcc/arm-none-eabi/9.2.1/../../../arm-none-eabi/lib/thumb/v7e-m/nofp/libg_nano.a(lib_a-exit.o) (_exit)

Allocating common symbols
Common symbol       size              file

I2                  0xc8              objdir-CW308_STM32F3/KeccakFW.o
x                   0x4               objdir-CW308_STM32F3/KeccakFW.o
ISHARES             0x530             objdir-CW308_STM32F3/KeccakFW.o
initial_mask        0x2               objdir-CW308_STM32F3/KeccakFW.o
UartHandle          0x70              objdir-CW308_STM32F3/stm32f3_hal.o
bytes_st            0xc8              objdir-CW308_STM32F3/KeccakFW.o
prng_state          0x4               objdir-CW308_STM32F3/KeccakFW.o
I1                  0xc8              objdir-CW308_STM32F3/KeccakFW.o
rec_d               0xc8              objdir-CW308_STM32F3/KeccakFW.o
s1                  0xc8              objdir-CW308_STM32F3/KeccakFW.o
s0                  0xc8              objdir-CW308_STM32F3/KeccakFW.o
I0                  0xc8              objdir-CW308_STM32F3/KeccakFW.o
seed_chacha20       0x20              objdir-CW308_STM32F3/KeccakFW.o
delta               0x4               objdir-CW308_STM32F3/KeccakFW.o
y                   0x4               objdir-CW308_STM32F3/KeccakFW.o
pt_marker           0x10              objdir-CW308_STM32F3/KeccakFW.o
s2                  0xc8              objdir-CW308_STM32F3/KeccakFW.o
num_cycles_bytes    0x4               objdir-CW308_STM32F3/KeccakFW.o
rec                 0xc8              objdir-CW308_STM32F3/KeccakFW.o
enckey              0x10              objdir-CW308_STM32F3/aes-independant.o

Discarded input sections

 .text          0x0000000000000000        0x0 /usr/lib/gcc/arm-none-eabi/9.2.1/thumb/v7e-m/nofp/crti.o
 .data          0x0000000000000000        0x0 /usr/lib/gcc/arm-none-eabi/9.2.1/thumb/v7e-m/nofp/crti.o
 .bss           0x0000000000000000        0x0 /usr/lib/gcc/arm-none-eabi/9.2.1/thumb/v7e-m/nofp/crti.o
 .data          0x0000000000000000        0x4 /usr/lib/gcc/arm-none-eabi/9.2.1/thumb/v7e-m/nofp/crtbegin.o
 .text          0x0000000000000000       0x70 /usr/lib/gcc/arm-none-eabi/9.2.1/../../../arm-none-eabi/lib/thumb/v7e-m/nofp/crt0.o
 .data          0x0000000000000000        0x0 /usr/lib/gcc/arm-none-eabi/9.2.1/../../../arm-none-eabi/lib/thumb/v7e-m/nofp/crt0.o
 .bss           0x0000000000000000        0x0 /usr/lib/gcc/arm-none-eabi/9.2.1/../../../arm-none-eabi/lib/thumb/v7e-m/nofp/crt0.o
 .ARM.extab     0x0000000000000000        0x0 /usr/lib/gcc/arm-none-eabi/9.2.1/../../../arm-none-eabi/lib/thumb/v7e-m/nofp/crt0.o
 .ARM.exidx     0x0000000000000000       0x10 /usr/lib/gcc/arm-none-eabi/9.2.1/../../../arm-none-eabi/lib/thumb/v7e-m/nofp/crt0.o
 .debug_line    0x0000000000000000       0x87 /usr/lib/gcc/arm-none-eabi/9.2.1/../../../arm-none-eabi/lib/thumb/v7e-m/nofp/crt0.o
 .debug_info    0x0000000000000000       0x26 /usr/lib/gcc/arm-none-eabi/9.2.1/../../../arm-none-eabi/lib/thumb/v7e-m/nofp/crt0.o
 .debug_abbrev  0x0000000000000000       0x14 /usr/lib/gcc/arm-none-eabi/9.2.1/../../../arm-none-eabi/lib/thumb/v7e-m/nofp/crt0.o
 .debug_aranges
                0x0000000000000000       0x20 /usr/lib/gcc/arm-none-eabi/9.2.1/../../../arm-none-eabi/lib/thumb/v7e-m/nofp/crt0.o
 .debug_str     0x0000000000000000       0x95 /usr/lib/gcc/arm-none-eabi/9.2.1/../../../arm-none-eabi/lib/thumb/v7e-m/nofp/crt0.o
 .ARM.attributes
                0x0000000000000000       0x1c /usr/lib/gcc/arm-none-eabi/9.2.1/../../../arm-none-eabi/lib/thumb/v7e-m/nofp/crt0.o
 .text          0x0000000000000000        0x0 objdir-CW308_STM32F3/KeccakFW.o
 .text.rand_share_64
                0x0000000000000000       0x34 objdir-CW308_STM32F3/KeccakFW.o
 .text          0x0000000000000000        0x0 objdir-CW308_STM32F3/stm32f3_hal.o
 .data          0x0000000000000000        0x0 objdir-CW308_STM32F3/stm32f3_hal.o
 .bss           0x0000000000000000        0x0 objdir-CW308_STM32F3/stm32f3_hal.o
 .text.change_err_led
                0x0000000000000000       0x18 objdir-CW308_STM32F3/stm32f3_hal.o
 .text.change_ok_led
                0x0000000000000000       0x18 objdir-CW308_STM32F3/stm32f3_hal.o
 .text          0x0000000000000000        0x0 objdir-CW308_STM32F3/stm32f3xx_hal_msp.o
 .data          0x0000000000000000        0x0 objdir-CW308_STM32F3/stm32f3xx_hal_msp.o
 .bss           0x0000000000000000        0x0 objdir-CW308_STM32F3/stm32f3xx_hal_msp.o
 .text.HAL_MspInit
                0x0000000000000000       0x30 objdir-CW308_STM32F3/stm32f3xx_hal_msp.o
 .debug_info    0x0000000000000000      0x297 objdir-CW308_STM32F3/stm32f3xx_hal_msp.o
 .debug_abbrev  0x0000000000000000      0x11a objdir-CW308_STM32F3/stm32f3xx_hal_msp.o
 .debug_loc     0x0000000000000000       0x2c objdir-CW308_STM32F3/stm32f3xx_hal_msp.o
 .debug_aranges
                0x0000000000000000       0x20 objdir-CW308_STM32F3/stm32f3xx_hal_msp.o
 .debug_ranges  0x0000000000000000       0x28 objdir-CW308_STM32F3/stm32f3xx_hal_msp.o
 .debug_line    0x0000000000000000      0x135 objdir-CW308_STM32F3/stm32f3xx_hal_msp.o
 .debug_str     0x0000000000000000      0x358 objdir-CW308_STM32F3/stm32f3xx_hal_msp.o
 .comment       0x0000000000000000       0x5a objdir-CW308_STM32F3/stm32f3xx_hal_msp.o
 .debug_frame   0x0000000000000000       0x28 objdir-CW308_STM32F3/stm32f3xx_hal_msp.o
 .ARM.attributes
                0x0000000000000000       0x2e objdir-CW308_STM32F3/stm32f3xx_hal_msp.o
 .text          0x0000000000000000        0x0 objdir-CW308_STM32F3/stm32f3xx_hal_gpio.o
 .data          0x0000000000000000        0x0 objdir-CW308_STM32F3/stm32f3xx_hal_gpio.o
 .bss           0x0000000000000000        0x0 objdir-CW308_STM32F3/stm32f3xx_hal_gpio.o
 .text.HAL_GPIO_DeInit
                0x0000000000000000       0xf4 objdir-CW308_STM32F3/stm32f3xx_hal_gpio.o
 .text.HAL_GPIO_ReadPin
                0x0000000000000000        0xc objdir-CW308_STM32F3/stm32f3xx_hal_gpio.o
 .text.HAL_GPIO_TogglePin
                0x0000000000000000       0x12 objdir-CW308_STM32F3/stm32f3xx_hal_gpio.o
 .text.HAL_GPIO_LockPin
                0x0000000000000000       0x2a objdir-CW308_STM32F3/stm32f3xx_hal_gpio.o
 .text          0x0000000000000000        0x0 objdir-CW308_STM32F3/stm32f3xx_it.o
 .data          0x0000000000000000        0x0 objdir-CW308_STM32F3/stm32f3xx_it.o
 .bss           0x0000000000000000        0x0 objdir-CW308_STM32F3/stm32f3xx_it.o
 .text          0x0000000000000000        0x0 objdir-CW308_STM32F3/simpleserial.o
 .data          0x0000000000000000        0x0 objdir-CW308_STM32F3/simpleserial.o
 .text.ss_crc   0x0000000000000000       0x2a objdir-CW308_STM32F3/simpleserial.o
 .text          0x0000000000000000        0x0 objdir-CW308_STM32F3/hal.o
 .data          0x0000000000000000        0x0 objdir-CW308_STM32F3/hal.o
 .bss           0x0000000000000000        0x0 objdir-CW308_STM32F3/hal.o
 .text.led_ok   0x0000000000000000        0x2 objdir-CW308_STM32F3/hal.o
 .text.led_error
                0x0000000000000000        0x2 objdir-CW308_STM32F3/hal.o
 .debug_info    0x0000000000000000       0xc0 objdir-CW308_STM32F3/hal.o
 .debug_abbrev  0x0000000000000000       0x7c objdir-CW308_STM32F3/hal.o
 .debug_aranges
                0x0000000000000000       0x20 objdir-CW308_STM32F3/hal.o
 .debug_ranges  0x0000000000000000       0x10 objdir-CW308_STM32F3/hal.o
 .debug_line    0x0000000000000000       0x44 objdir-CW308_STM32F3/hal.o
 .debug_str     0x0000000000000000      0x220 objdir-CW308_STM32F3/hal.o
 .comment       0x0000000000000000       0x5a objdir-CW308_STM32F3/hal.o
 .debug_frame   0x0000000000000000       0x30 objdir-CW308_STM32F3/hal.o
 .ARM.attributes
                0x0000000000000000       0x2e objdir-CW308_STM32F3/hal.o
 .text          0x0000000000000000        0x0 objdir-CW308_STM32F3/stm32f3_hal_lowlevel.o
 .data          0x0000000000000000        0x4 objdir-CW308_STM32F3/stm32f3_hal_lowlevel.o
 .text.HAL_NVIC_SetPriority
                0x0000000000000000       0x64 objdir-CW308_STM32F3/stm32f3_hal_lowlevel.o
 .text.HAL_InitTick
                0x0000000000000000        0xc objdir-CW308_STM32F3/stm32f3_hal_lowlevel.o
 .text.HAL_IncTick
                0x0000000000000000        0x2 objdir-CW308_STM32F3/stm32f3_hal_lowlevel.o
 .text.HAL_RCC_GetSysClockFreq
                0x0000000000000000        0x6 objdir-CW308_STM32F3/stm32f3_hal_lowlevel.o
 .text.HAL_RCC_GetPCLK1Freq
                0x0000000000000000        0x6 objdir-CW308_STM32F3/stm32f3_hal_lowlevel.o
 .text.HAL_RCC_GetPCLK2Freq
                0x0000000000000000        0x6 objdir-CW308_STM32F3/stm32f3_hal_lowlevel.o
 .text          0x0000000000000000        0x0 objdir-CW308_STM32F3/stm32f3_sysmem.o
 .data          0x0000000000000000        0x0 objdir-CW308_STM32F3/stm32f3_sysmem.o
 .bss           0x0000000000000000        0x4 objdir-CW308_STM32F3/stm32f3_sysmem.o
 .text._sbrk    0x0000000000000000       0x34 objdir-CW308_STM32F3/stm32f3_sysmem.o
 .debug_info    0x0000000000000000      0xaa7 objdir-CW308_STM32F3/stm32f3_sysmem.o
 .debug_abbrev  0x0000000000000000      0x237 objdir-CW308_STM32F3/stm32f3_sysmem.o
 .debug_loc     0x0000000000000000       0x74 objdir-CW308_STM32F3/stm32f3_sysmem.o
 .debug_aranges
                0x0000000000000000       0x20 objdir-CW308_STM32F3/stm32f3_sysmem.o
 .debug_ranges  0x0000000000000000       0x10 objdir-CW308_STM32F3/stm32f3_sysmem.o
 .debug_line    0x0000000000000000      0x127 objdir-CW308_STM32F3/stm32f3_sysmem.o
 .debug_str     0x0000000000000000      0x64b objdir-CW308_STM32F3/stm32f3_sysmem.o
 .comment       0x0000000000000000       0x5a objdir-CW308_STM32F3/stm32f3_sysmem.o
 .debug_frame   0x0000000000000000       0x28 objdir-CW308_STM32F3/stm32f3_sysmem.o
 .ARM.attributes
                0x0000000000000000       0x2e objdir-CW308_STM32F3/stm32f3_sysmem.o
 .text          0x0000000000000000        0x0 objdir-CW308_STM32F3/aes.o
 .data          0x0000000000000000      0x20b objdir-CW308_STM32F3/aes.o
 .bss           0x0000000000000000       0xc8 objdir-CW308_STM32F3/aes.o
 .text.KeyExpansion
                0x0000000000000000       0xc0 objdir-CW308_STM32F3/aes.o
 .text.AddRoundKey
                0x0000000000000000       0x34 objdir-CW308_STM32F3/aes.o
 .text.SubBytes
                0x0000000000000000       0x30 objdir-CW308_STM32F3/aes.o
 .text.ShiftRows
                0x0000000000000000       0x3c objdir-CW308_STM32F3/aes.o
 .text.xtime    0x0000000000000000       0x12 objdir-CW308_STM32F3/aes.o
 .text.InvSubBytes
                0x0000000000000000       0x34 objdir-CW308_STM32F3/aes.o
 .text.InvShiftRows
                0x0000000000000000       0x3c objdir-CW308_STM32F3/aes.o
 .text.Cipher   0x0000000000000000       0x98 objdir-CW308_STM32F3/aes.o
 .text.BlockCopy
                0x0000000000000000       0x14 objdir-CW308_STM32F3/aes.o
 .text.AES128_ECB_indp_setkey
                0x0000000000000000        0xc objdir-CW308_STM32F3/aes.o
 .text.AES128_ECB_indp_crypto
                0x0000000000000000       0x1c objdir-CW308_STM32F3/aes.o
 .text.AES128_ECB_encrypt
                0x0000000000000000       0x28 objdir-CW308_STM32F3/aes.o
 .text.AES128_ECB_decrypt
                0x0000000000000000      0x170 objdir-CW308_STM32F3/aes.o
 .debug_info    0x0000000000000000     0x1360 objdir-CW308_STM32F3/aes.o
 .debug_abbrev  0x0000000000000000      0x464 objdir-CW308_STM32F3/aes.o
 .debug_loc     0x0000000000000000      0x824 objdir-CW308_STM32F3/aes.o
 .debug_aranges
                0x0000000000000000       0x80 objdir-CW308_STM32F3/aes.o
 .debug_ranges  0x0000000000000000       0xf8 objdir-CW308_STM32F3/aes.o
 .debug_line    0x0000000000000000      0x84f objdir-CW308_STM32F3/aes.o
 .debug_str     0x0000000000000000      0x74c objdir-CW308_STM32F3/aes.o
 .comment       0x0000000000000000       0x5a objdir-CW308_STM32F3/aes.o
 .debug_frame   0x0000000000000000      0x180 objdir-CW308_STM32F3/aes.o
 .ARM.attributes
                0x0000000000000000       0x2e objdir-CW308_STM32F3/aes.o
 .text          0x0000000000000000        0x0 objdir-CW308_STM32F3/aes-independant.o
 .data          0x0000000000000000        0x0 objdir-CW308_STM32F3/aes-independant.o
 .bss           0x0000000000000000        0x0 objdir-CW308_STM32F3/aes-independant.o
 .text.aes_indep_init
                0x0000000000000000        0x2 objdir-CW308_STM32F3/aes-independant.o
 .text.aes_indep_key
                0x0000000000000000        0x4 objdir-CW308_STM32F3/aes-independant.o
 .text.aes_indep_enc
                0x0000000000000000        0x4 objdir-CW308_STM32F3/aes-independant.o
 .text.aes_indep_enc_pretrigger
                0x0000000000000000        0x2 objdir-CW308_STM32F3/aes-independant.o
 .text.aes_indep_enc_posttrigger
                0x0000000000000000        0x2 objdir-CW308_STM32F3/aes-independant.o
 .text.aes_indep_mask
                0x0000000000000000        0x2 objdir-CW308_STM32F3/aes-independant.o
 .debug_info    0x0000000000000000      0x1df objdir-CW308_STM32F3/aes-independant.o
 .debug_abbrev  0x0000000000000000      0x144 objdir-CW308_STM32F3/aes-independant.o
 .debug_loc     0x0000000000000000       0x4a objdir-CW308_STM32F3/aes-independant.o
 .debug_aranges
                0x0000000000000000       0x40 objdir-CW308_STM32F3/aes-independant.o
 .debug_ranges  0x0000000000000000       0x30 objdir-CW308_STM32F3/aes-independant.o
 .debug_line    0x0000000000000000      0x10b objdir-CW308_STM32F3/aes-independant.o
 .debug_str     0x0000000000000000      0x2c1 objdir-CW308_STM32F3/aes-independant.o
 .comment       0x0000000000000000       0x5a objdir-CW308_STM32F3/aes-independant.o
 .debug_frame   0x0000000000000000       0x70 objdir-CW308_STM32F3/aes-independant.o
 .ARM.attributes
                0x0000000000000000       0x2e objdir-CW308_STM32F3/aes-independant.o
 COMMON         0x0000000000000000       0x10 objdir-CW308_STM32F3/aes-independant.o
 .data          0x0000000000000000        0x0 objdir-CW308_STM32F3/Keccak1600NoOpt.o
 .bss           0x0000000000000000        0x0 objdir-CW308_STM32F3/Keccak1600NoOpt.o
 .text          0x0000000000000000       0x14 objdir-CW308_STM32F3/stm32f3_startup.o
 .data          0x0000000000000000        0x0 objdir-CW308_STM32F3/stm32f3_startup.o
 .bss           0x0000000000000000        0x0 objdir-CW308_STM32F3/stm32f3_startup.o
 .text          0x0000000000000000        0xc /usr/lib/gcc/arm-none-eabi/9.2.1/../../../arm-none-eabi/lib/thumb/v7e-m/nofp/libg_nano.a(lib_a-atexit.o)
 .data          0x0000000000000000        0x0 /usr/lib/gcc/arm-none-eabi/9.2.1/../../../arm-none-eabi/lib/thumb/v7e-m/nofp/libg_nano.a(lib_a-atexit.o)
 .bss           0x0000000000000000        0x0 /usr/lib/gcc/arm-none-eabi/9.2.1/../../../arm-none-eabi/lib/thumb/v7e-m/nofp/libg_nano.a(lib_a-atexit.o)
 .debug_info    0x0000000000000000      0x995 /usr/lib/gcc/arm-none-eabi/9.2.1/../../../arm-none-eabi/lib/thumb/v7e-m/nofp/libg_nano.a(lib_a-atexit.o)
 .debug_abbrev  0x0000000000000000      0x1f4 /usr/lib/gcc/arm-none-eabi/9.2.1/../../../arm-none-eabi/lib/thumb/v7e-m/nofp/libg_nano.a(lib_a-atexit.o)
 .debug_loc     0x0000000000000000       0x32 /usr/lib/gcc/arm-none-eabi/9.2.1/../../../arm-none-eabi/lib/thumb/v7e-m/nofp/libg_nano.a(lib_a-atexit.o)
 .debug_aranges
                0x0000000000000000       0x20 /usr/lib/gcc/arm-none-eabi/9.2.1/../../../arm-none-eabi/lib/thumb/v7e-m/nofp/libg_nano.a(lib_a-atexit.o)
 .debug_line    0x0000000000000000      0x14a /usr/lib/gcc/arm-none-eabi/9.2.1/../../../arm-none-eabi/lib/thumb/v7e-m/nofp/libg_nano.a(lib_a-atexit.o)
 .debug_str     0x0000000000000000      0x627 /usr/lib/gcc/arm-none-eabi/9.2.1/../../../arm-none-eabi/lib/thumb/v7e-m/nofp/libg_nano.a(lib_a-atexit.o)
 .comment       0x0000000000000000       0x4f /usr/lib/gcc/arm-none-eabi/9.2.1/../../../arm-none-eabi/lib/thumb/v7e-m/nofp/libg_nano.a(lib_a-atexit.o)
 .debug_frame   0x0000000000000000       0x20 /usr/lib/gcc/arm-none-eabi/9.2.1/../../../arm-none-eabi/lib/thumb/v7e-m/nofp/libg_nano.a(lib_a-atexit.o)
 .ARM.attributes
                0x0000000000000000       0x2e /usr/lib/gcc/arm-none-eabi/9.2.1/../../../arm-none-eabi/lib/thumb/v7e-m/nofp/libg_nano.a(lib_a-atexit.o)
 .text          0x0000000000000000        0xc /usr/lib/gcc/arm-none-eabi/9.2.1/../../../arm-none-eabi/lib/thumb/v7e-m/nofp/libg_nano.a(lib_a-errno.o)
 .data          0x0000000000000000        0x0 /usr/lib/gcc/arm-none-eabi/9.2.1/../../../arm-none-eabi/lib/thumb/v7e-m/nofp/libg_nano.a(lib_a-errno.o)
 .bss           0x0000000000000000        0x0 /usr/lib/gcc/arm-none-eabi/9.2.1/../../../arm-none-eabi/lib/thumb/v7e-m/nofp/libg_nano.a(lib_a-errno.o)
 .debug_info    0x0000000000000000      0x953 /usr/lib/gcc/arm-none-eabi/9.2.1/../../../arm-none-eabi/lib/thumb/v7e-m/nofp/libg_nano.a(lib_a-errno.o)
 .debug_abbrev  0x0000000000000000      0x198 /usr/lib/gcc/arm-none-eabi/9.2.1/../../../arm-none-eabi/lib/thumb/v7e-m/nofp/libg_nano.a(lib_a-errno.o)
 .debug_aranges
                0x0000000000000000       0x20 /usr/lib/gcc/arm-none-eabi/9.2.1/../../../arm-none-eabi/lib/thumb/v7e-m/nofp/libg_nano.a(lib_a-errno.o)
 .debug_line    0x0000000000000000      0x108 /usr/lib/gcc/arm-none-eabi/9.2.1/../../../arm-none-eabi/lib/thumb/v7e-m/nofp/libg_nano.a(lib_a-errno.o)
 .debug_str     0x0000000000000000      0x5ee /usr/lib/gcc/arm-none-eabi/9.2.1/../../../arm-none-eabi/lib/thumb/v7e-m/nofp/libg_nano.a(lib_a-errno.o)
 .comment       0x0000000000000000       0x4f /usr/lib/gcc/arm-none-eabi/9.2.1/../../../arm-none-eabi/lib/thumb/v7e-m/nofp/libg_nano.a(lib_a-errno.o)
 .debug_frame   0x0000000000000000       0x20 /usr/lib/gcc/arm-none-eabi/9.2.1/../../../arm-none-eabi/lib/thumb/v7e-m/nofp/libg_nano.a(lib_a-errno.o)
 .ARM.attributes
                0x0000000000000000       0x2e /usr/lib/gcc/arm-none-eabi/9.2.1/../../../arm-none-eabi/lib/thumb/v7e-m/nofp/libg_nano.a(lib_a-errno.o)
 .text          0x0000000000000000       0x28 /usr/lib/gcc/arm-none-eabi/9.2.1/../../../arm-none-eabi/lib/thumb/v7e-m/nofp/libg_nano.a(lib_a-exit.o)
 .data          0x0000000000000000        0x0 /usr/lib/gcc/arm-none-eabi/9.2.1/../../../arm-none-eabi/lib/thumb/v7e-m/nofp/libg_nano.a(lib_a-exit.o)
 .bss           0x0000000000000000        0x0 /usr/lib/gcc/arm-none-eabi/9.2.1/../../../arm-none-eabi/lib/thumb/v7e-m/nofp/libg_nano.a(lib_a-exit.o)
 .debug_info    0x0000000000000000      0x9e7 /usr/lib/gcc/arm-none-eabi/9.2.1/../../../arm-none-eabi/lib/thumb/v7e-m/nofp/libg_nano.a(lib_a-exit.o)
 .debug_abbrev  0x0000000000000000      0x1f6 /usr/lib/gcc/arm-none-eabi/9.2.1/../../../arm-none-eabi/lib/thumb/v7e-m/nofp/libg_nano.a(lib_a-exit.o)
 .debug_loc     0x0000000000000000       0x22 /usr/lib/gcc/arm-none-eabi/9.2.1/../../../arm-none-eabi/lib/thumb/v7e-m/nofp/libg_nano.a(lib_a-exit.o)
 .debug_aranges
                0x0000000000000000       0x20 /usr/lib/gcc/arm-none-eabi/9.2.1/../../../arm-none-eabi/lib/thumb/v7e-m/nofp/libg_nano.a(lib_a-exit.o)
 .debug_line    0x0000000000000000      0x16c /usr/lib/gcc/arm-none-eabi/9.2.1/../../../arm-none-eabi/lib/thumb/v7e-m/nofp/libg_nano.a(lib_a-exit.o)
 .debug_str     0x0000000000000000      0x628 /usr/lib/gcc/arm-none-eabi/9.2.1/../../../arm-none-eabi/lib/thumb/v7e-m/nofp/libg_nano.a(lib_a-exit.o)
 .comment       0x0000000000000000       0x4f /usr/lib/gcc/arm-none-eabi/9.2.1/../../../arm-none-eabi/lib/thumb/v7e-m/nofp/libg_nano.a(lib_a-exit.o)
 .debug_frame   0x0000000000000000       0x28 /usr/lib/gcc/arm-none-eabi/9.2.1/../../../arm-none-eabi/lib/thumb/v7e-m/nofp/libg_nano.a(lib_a-exit.o)
 .ARM.attributes
                0x0000000000000000       0x2e /usr/lib/gcc/arm-none-eabi/9.2.1/../../../arm-none-eabi/lib/thumb/v7e-m/nofp/libg_nano.a(lib_a-exit.o)
 .text          0x0000000000000000       0x34 /usr/lib/gcc/arm-none-eabi/9.2.1/../../../arm-none-eabi/lib/thumb/v7e-m/nofp/libg_nano.a(lib_a-fini.o)
 .data          0x0000000000000000        0x0 /usr/lib/gcc/arm-none-eabi/9.2.1/../../../arm-none-eabi/lib/thumb/v7e-m/nofp/libg_nano.a(lib_a-fini.o)
 .bss           0x0000000000000000        0x0 /usr/lib/gcc/arm-none-eabi/9.2.1/../../../arm-none-eabi/lib/thumb/v7e-m/nofp/libg_nano.a(lib_a-fini.o)
 .debug_info    0x0000000000000000      0x102 /usr/lib/gcc/arm-none-eabi/9.2.1/../../../arm-none-eabi/lib/thumb/v7e-m/nofp/libg_nano.a(lib_a-fini.o)
 .debug_abbrev  0x0000000000000000       0xcf /usr/lib/gcc/arm-none-eabi/9.2.1/../../../arm-none-eabi/lib/thumb/v7e-m/nofp/libg_nano.a(lib_a-fini.o)
 .debug_loc     0x0000000000000000       0x68 /usr/lib/gcc/arm-none-eabi/9.2.1/../../../arm-none-eabi/lib/thumb/v7e-m/nofp/libg_nano.a(lib_a-fini.o)
 .debug_aranges
                0x0000000000000000       0x20 /usr/lib/gcc/arm-none-eabi/9.2.1/../../../arm-none-eabi/lib/thumb/v7e-m/nofp/libg_nano.a(lib_a-fini.o)
 .debug_line    0x0000000000000000       0xd7 /usr/lib/gcc/arm-none-eabi/9.2.1/../../../arm-none-eabi/lib/thumb/v7e-m/nofp/libg_nano.a(lib_a-fini.o)
 .debug_str     0x0000000000000000      0x1f9 /usr/lib/gcc/arm-none-eabi/9.2.1/../../../arm-none-eabi/lib/thumb/v7e-m/nofp/libg_nano.a(lib_a-fini.o)
 .comment       0x0000000000000000       0x4f /usr/lib/gcc/arm-none-eabi/9.2.1/../../../arm-none-eabi/lib/thumb/v7e-m/nofp/libg_nano.a(lib_a-fini.o)
 .debug_frame   0x0000000000000000       0x34 /usr/lib/gcc/arm-none-eabi/9.2.1/../../../arm-none-eabi/lib/thumb/v7e-m/nofp/libg_nano.a(lib_a-fini.o)
 .ARM.attributes
                0x0000000000000000       0x2e /usr/lib/gcc/arm-none-eabi/9.2.1/../../../arm-none-eabi/lib/thumb/v7e-m/nofp/libg_nano.a(lib_a-fini.o)
 .text          0x0000000000000000        0x0 /usr/lib/gcc/arm-none-eabi/9.2.1/../../../arm-none-eabi/lib/thumb/v7e-m/nofp/libg_nano.a(lib_a-impure.o)
 .data          0x0000000000000000       0x64 /usr/lib/gcc/arm-none-eabi/9.2.1/../../../arm-none-eabi/lib/thumb/v7e-m/nofp/libg_nano.a(lib_a-impure.o)
 .bss           0x0000000000000000        0x0 /usr/lib/gcc/arm-none-eabi/9.2.1/../../../arm-none-eabi/lib/thumb/v7e-m/nofp/libg_nano.a(lib_a-impure.o)
 .rodata        0x0000000000000000        0x4 /usr/lib/gcc/arm-none-eabi/9.2.1/../../../arm-none-eabi/lib/thumb/v7e-m/nofp/libg_nano.a(lib_a-impure.o)
 .debug_info    0x0000000000000000      0x92a /usr/lib/gcc/arm-none-eabi/9.2.1/../../../arm-none-eabi/lib/thumb/v7e-m/nofp/libg_nano.a(lib_a-impure.o)
 .debug_abbrev  0x0000000000000000      0x17a /usr/lib/gcc/arm-none-eabi/9.2.1/../../../arm-none-eabi/lib/thumb/v7e-m/nofp/libg_nano.a(lib_a-impure.o)
 .debug_aranges
                0x0000000000000000       0x18 /usr/lib/gcc/arm-none-eabi/9.2.1/../../../arm-none-eabi/lib/thumb/v7e-m/nofp/libg_nano.a(lib_a-impure.o)
 .debug_line    0x0000000000000000       0xe3 /usr/lib/gcc/arm-none-eabi/9.2.1/../../../arm-none-eabi/lib/thumb/v7e-m/nofp/libg_nano.a(lib_a-impure.o)
 .debug_str     0x0000000000000000      0x5dc /usr/lib/gcc/arm-none-eabi/9.2.1/../../../arm-none-eabi/lib/thumb/v7e-m/nofp/libg_nano.a(lib_a-impure.o)
 .comment       0x0000000000000000       0x4f /usr/lib/gcc/arm-none-eabi/9.2.1/../../../arm-none-eabi/lib/thumb/v7e-m/nofp/libg_nano.a(lib_a-impure.o)
 .ARM.attributes
                0x0000000000000000       0x2e /usr/lib/gcc/arm-none-eabi/9.2.1/../../../arm-none-eabi/lib/thumb/v7e-m/nofp/libg_nano.a(lib_a-impure.o)
 .data          0x0000000000000000        0x0 /usr/lib/gcc/arm-none-eabi/9.2.1/../../../arm-none-eabi/lib/thumb/v7e-m/nofp/libg_nano.a(lib_a-init.o)
 .bss           0x0000000000000000        0x0 /usr/lib/gcc/arm-none-eabi/9.2.1/../../../arm-none-eabi/lib/thumb/v7e-m/nofp/libg_nano.a(lib_a-init.o)
 .text          0x0000000000000000       0xa0 /usr/lib/gcc/arm-none-eabi/9.2.1/../../../arm-none-eabi/lib/thumb/v7e-m/nofp/libg_nano.a(lib_a-memset.o)
 .data          0x0000000000000000        0x0 /usr/lib/gcc/arm-none-eabi/9.2.1/../../../arm-none-eabi/lib/thumb/v7e-m/nofp/libg_nano.a(lib_a-memset.o)
 .bss           0x0000000000000000        0x0 /usr/lib/gcc/arm-none-eabi/9.2.1/../../../arm-none-eabi/lib/thumb/v7e-m/nofp/libg_nano.a(lib_a-memset.o)
 .debug_info    0x0000000000000000      0xf21 /usr/lib/gcc/arm-none-eabi/9.2.1/../../../arm-none-eabi/lib/thumb/v7e-m/nofp/libg_nano.a(lib_a-memset.o)
 .debug_abbrev  0x0000000000000000      0x1d9 /usr/lib/gcc/arm-none-eabi/9.2.1/../../../arm-none-eabi/lib/thumb/v7e-m/nofp/libg_nano.a(lib_a-memset.o)
 .debug_loc     0x0000000000000000      0x231 /usr/lib/gcc/arm-none-eabi/9.2.1/../../../arm-none-eabi/lib/thumb/v7e-m/nofp/libg_nano.a(lib_a-memset.o)
 .debug_aranges
                0x0000000000000000       0x20 /usr/lib/gcc/arm-none-eabi/9.2.1/../../../arm-none-eabi/lib/thumb/v7e-m/nofp/libg_nano.a(lib_a-memset.o)
 .debug_line    0x0000000000000000      0x26b /usr/lib/gcc/arm-none-eabi/9.2.1/../../../arm-none-eabi/lib/thumb/v7e-m/nofp/libg_nano.a(lib_a-memset.o)
 .debug_str     0x0000000000000000      0x909 /usr/lib/gcc/arm-none-eabi/9.2.1/../../../arm-none-eabi/lib/thumb/v7e-m/nofp/libg_nano.a(lib_a-memset.o)
 .comment       0x0000000000000000       0x4f /usr/lib/gcc/arm-none-eabi/9.2.1/../../../arm-none-eabi/lib/thumb/v7e-m/nofp/libg_nano.a(lib_a-memset.o)
 .debug_frame   0x0000000000000000       0x38 /usr/lib/gcc/arm-none-eabi/9.2.1/../../../arm-none-eabi/lib/thumb/v7e-m/nofp/libg_nano.a(lib_a-memset.o)
 .ARM.attributes
                0x0000000000000000       0x2e /usr/lib/gcc/arm-none-eabi/9.2.1/../../../arm-none-eabi/lib/thumb/v7e-m/nofp/libg_nano.a(lib_a-memset.o)
 .text          0x0000000000000000       0xa0 /usr/lib/gcc/arm-none-eabi/9.2.1/../../../arm-none-eabi/lib/thumb/v7e-m/nofp/libg_nano.a(lib_a-__atexit.o)
 .data          0x0000000000000000        0x4 /usr/lib/gcc/arm-none-eabi/9.2.1/../../../arm-none-eabi/lib/thumb/v7e-m/nofp/libg_nano.a(lib_a-__atexit.o)
 .bss           0x0000000000000000       0x8c /usr/lib/gcc/arm-none-eabi/9.2.1/../../../arm-none-eabi/lib/thumb/v7e-m/nofp/libg_nano.a(lib_a-__atexit.o)
 .debug_info    0x0000000000000000      0xa3c /usr/lib/gcc/arm-none-eabi/9.2.1/../../../arm-none-eabi/lib/thumb/v7e-m/nofp/libg_nano.a(lib_a-__atexit.o)
 .debug_abbrev  0x0000000000000000      0x261 /usr/lib/gcc/arm-none-eabi/9.2.1/../../../arm-none-eabi/lib/thumb/v7e-m/nofp/libg_nano.a(lib_a-__atexit.o)
 .debug_loc     0x0000000000000000      0x230 /usr/lib/gcc/arm-none-eabi/9.2.1/../../../arm-none-eabi/lib/thumb/v7e-m/nofp/libg_nano.a(lib_a-__atexit.o)
 .debug_aranges
                0x0000000000000000       0x20 /usr/lib/gcc/arm-none-eabi/9.2.1/../../../arm-none-eabi/lib/thumb/v7e-m/nofp/libg_nano.a(lib_a-__atexit.o)
 .debug_line    0x0000000000000000      0x228 /usr/lib/gcc/arm-none-eabi/9.2.1/../../../arm-none-eabi/lib/thumb/v7e-m/nofp/libg_nano.a(lib_a-__atexit.o)
 .debug_str     0x0000000000000000      0x67a /usr/lib/gcc/arm-none-eabi/9.2.1/../../../arm-none-eabi/lib/thumb/v7e-m/nofp/libg_nano.a(lib_a-__atexit.o)
 .comment       0x0000000000000000       0x4f /usr/lib/gcc/arm-none-eabi/9.2.1/../../../arm-none-eabi/lib/thumb/v7e-m/nofp/libg_nano.a(lib_a-__atexit.o)
 .debug_frame   0x0000000000000000       0x34 /usr/lib/gcc/arm-none-eabi/9.2.1/../../../arm-none-eabi/lib/thumb/v7e-m/nofp/libg_nano.a(lib_a-__atexit.o)
 .ARM.attributes
                0x0000000000000000       0x2e /usr/lib/gcc/arm-none-eabi/9.2.1/../../../arm-none-eabi/lib/thumb/v7e-m/nofp/libg_nano.a(lib_a-__atexit.o)
 .text          0x0000000000000000       0x9c /usr/lib/gcc/arm-none-eabi/9.2.1/../../../arm-none-eabi/lib/thumb/v7e-m/nofp/libg_nano.a(lib_a-__call_atexit.o)
 .data          0x0000000000000000        0x0 /usr/lib/gcc/arm-none-eabi/9.2.1/../../../arm-none-eabi/lib/thumb/v7e-m/nofp/libg_nano.a(lib_a-__call_atexit.o)
 .bss           0x0000000000000000        0x4 /usr/lib/gcc/arm-none-eabi/9.2.1/../../../arm-none-eabi/lib/thumb/v7e-m/nofp/libg_nano.a(lib_a-__call_atexit.o)
 .debug_info    0x0000000000000000      0xa10 /usr/lib/gcc/arm-none-eabi/9.2.1/../../../arm-none-eabi/lib/thumb/v7e-m/nofp/libg_nano.a(lib_a-__call_atexit.o)
 .debug_abbrev  0x0000000000000000      0x237 /usr/lib/gcc/arm-none-eabi/9.2.1/../../../arm-none-eabi/lib/thumb/v7e-m/nofp/libg_nano.a(lib_a-__call_atexit.o)
 .debug_loc     0x0000000000000000      0x13f /usr/lib/gcc/arm-none-eabi/9.2.1/../../../arm-none-eabi/lib/thumb/v7e-m/nofp/libg_nano.a(lib_a-__call_atexit.o)
 .debug_aranges
                0x0000000000000000       0x20 /usr/lib/gcc/arm-none-eabi/9.2.1/../../../arm-none-eabi/lib/thumb/v7e-m/nofp/libg_nano.a(lib_a-__call_atexit.o)
 .debug_ranges  0x0000000000000000       0x28 /usr/lib/gcc/arm-none-eabi/9.2.1/../../../arm-none-eabi/lib/thumb/v7e-m/nofp/libg_nano.a(lib_a-__call_atexit.o)
 .debug_line    0x0000000000000000      0x22a /usr/lib/gcc/arm-none-eabi/9.2.1/../../../arm-none-eabi/lib/thumb/v7e-m/nofp/libg_nano.a(lib_a-__call_atexit.o)
 .debug_str     0x0000000000000000      0x625 /usr/lib/gcc/arm-none-eabi/9.2.1/../../../arm-none-eabi/lib/thumb/v7e-m/nofp/libg_nano.a(lib_a-__call_atexit.o)
 .comment       0x0000000000000000       0x4f /usr/lib/gcc/arm-none-eabi/9.2.1/../../../arm-none-eabi/lib/thumb/v7e-m/nofp/libg_nano.a(lib_a-__call_atexit.o)
 .debug_frame   0x0000000000000000       0x40 /usr/lib/gcc/arm-none-eabi/9.2.1/../../../arm-none-eabi/lib/thumb/v7e-m/nofp/libg_nano.a(lib_a-__call_atexit.o)
 .ARM.attributes
                0x0000000000000000       0x2e /usr/lib/gcc/arm-none-eabi/9.2.1/../../../arm-none-eabi/lib/thumb/v7e-m/nofp/libg_nano.a(lib_a-__call_atexit.o)
 .text          0x0000000000000000        0x4 /usr/lib/gcc/arm-none-eabi/9.2.1/../../../arm-none-eabi/lib/thumb/v7e-m/nofp/libnosys.a(_exit.o)
 .data          0x0000000000000000        0x0 /usr/lib/gcc/arm-none-eabi/9.2.1/../../../arm-none-eabi/lib/thumb/v7e-m/nofp/libnosys.a(_exit.o)
 .bss           0x0000000000000000        0x0 /usr/lib/gcc/arm-none-eabi/9.2.1/../../../arm-none-eabi/lib/thumb/v7e-m/nofp/libnosys.a(_exit.o)
 .debug_info    0x0000000000000000       0xa3 /usr/lib/gcc/arm-none-eabi/9.2.1/../../../arm-none-eabi/lib/thumb/v7e-m/nofp/libnosys.a(_exit.o)
 .debug_abbrev  0x0000000000000000       0x6a /usr/lib/gcc/arm-none-eabi/9.2.1/../../../arm-none-eabi/lib/thumb/v7e-m/nofp/libnosys.a(_exit.o)
 .debug_loc     0x0000000000000000       0x15 /usr/lib/gcc/arm-none-eabi/9.2.1/../../../arm-none-eabi/lib/thumb/v7e-m/nofp/libnosys.a(_exit.o)
 .debug_aranges
                0x0000000000000000       0x20 /usr/lib/gcc/arm-none-eabi/9.2.1/../../../arm-none-eabi/lib/thumb/v7e-m/nofp/libnosys.a(_exit.o)
 .debug_line    0x0000000000000000       0x6e /usr/lib/gcc/arm-none-eabi/9.2.1/../../../arm-none-eabi/lib/thumb/v7e-m/nofp/libnosys.a(_exit.o)
 .debug_str     0x0000000000000000      0x199 /usr/lib/gcc/arm-none-eabi/9.2.1/../../../arm-none-eabi/lib/thumb/v7e-m/nofp/libnosys.a(_exit.o)
 .comment       0x0000000000000000       0x4f /usr/lib/gcc/arm-none-eabi/9.2.1/../../../arm-none-eabi/lib/thumb/v7e-m/nofp/libnosys.a(_exit.o)
 .debug_frame   0x0000000000000000       0x20 /usr/lib/gcc/arm-none-eabi/9.2.1/../../../arm-none-eabi/lib/thumb/v7e-m/nofp/libnosys.a(_exit.o)
 .ARM.attributes
                0x0000000000000000       0x2e /usr/lib/gcc/arm-none-eabi/9.2.1/../../../arm-none-eabi/lib/thumb/v7e-m/nofp/libnosys.a(_exit.o)
 .text          0x0000000000000000        0x0 /usr/lib/gcc/arm-none-eabi/9.2.1/thumb/v7e-m/nofp/crtend.o
 .data          0x0000000000000000        0x0 /usr/lib/gcc/arm-none-eabi/9.2.1/thumb/v7e-m/nofp/crtend.o
 .bss           0x0000000000000000        0x0 /usr/lib/gcc/arm-none-eabi/9.2.1/thumb/v7e-m/nofp/crtend.o
 .eh_frame      0x0000000000000000        0x4 /usr/lib/gcc/arm-none-eabi/9.2.1/thumb/v7e-m/nofp/crtend.o
 .text          0x0000000000000000        0x0 /usr/lib/gcc/arm-none-eabi/9.2.1/thumb/v7e-m/nofp/crtn.o
 .data          0x0000000000000000        0x0 /usr/lib/gcc/arm-none-eabi/9.2.1/thumb/v7e-m/nofp/crtn.o
 .bss           0x0000000000000000        0x0 /usr/lib/gcc/arm-none-eabi/9.2.1/thumb/v7e-m/nofp/crtn.o

Memory Configuration

Name             Origin             Length             Attributes
RAM              0x0000000020000000 0x000000000000a000 xrw
ROM              0x0000000008000000 0x0000000000040000 xr
*default*        0x0000000000000000 0xffffffffffffffff

Linker script and memory map

LOAD /usr/lib/gcc/arm-none-eabi/9.2.1/thumb/v7e-m/nofp/crti.o
LOAD /usr/lib/gcc/arm-none-eabi/9.2.1/thumb/v7e-m/nofp/crtbegin.o
LOAD /usr/lib/gcc/arm-none-eabi/9.2.1/../../../arm-none-eabi/lib/thumb/v7e-m/nofp/crt0.o
LOAD objdir-CW308_STM32F3/KeccakFW.o
LOAD objdir-CW308_STM32F3/stm32f3_hal.o
LOAD objdir-CW308_STM32F3/stm32f3xx_hal_msp.o
LOAD objdir-CW308_STM32F3/stm32f3xx_hal_gpio.o
LOAD objdir-CW308_STM32F3/stm32f3xx_it.o
LOAD objdir-CW308_STM32F3/simpleserial.o
LOAD objdir-CW308_STM32F3/hal.o
LOAD objdir-CW308_STM32F3/stm32f3_hal_lowlevel.o
LOAD objdir-CW308_STM32F3/stm32f3_sysmem.o
LOAD objdir-CW308_STM32F3/aes.o
LOAD objdir-CW308_STM32F3/aes-independant.o
LOAD objdir-CW308_STM32F3/Keccak1600NoOpt.o
LOAD objdir-CW308_STM32F3/stm32f3_startup.o
LOAD /usr/lib/gcc/arm-none-eabi/9.2.1/../../../arm-none-eabi/lib/thumb/v7e-m/nofp/libm.a
LOAD /usr/lib/gcc/arm-none-eabi/9.2.1/../../../arm-none-eabi/lib/thumb/v7e-m/nofp/libm.a
START GROUP
LOAD /usr/lib/gcc/arm-none-eabi/9.2.1/thumb/v7e-m/nofp/libgcc.a
LOAD /usr/lib/gcc/arm-none-eabi/9.2.1/../../../arm-none-eabi/lib/thumb/v7e-m/nofp/libg_nano.a
LOAD /usr/lib/gcc/arm-none-eabi/9.2.1/../../../arm-none-eabi/lib/thumb/v7e-m/nofp/libc_nano.a
END GROUP
START GROUP
LOAD /usr/lib/gcc/arm-none-eabi/9.2.1/thumb/v7e-m/nofp/libgcc.a
LOAD /usr/lib/gcc/arm-none-eabi/9.2.1/../../../arm-none-eabi/lib/thumb/v7e-m/nofp/libc_nano.a
LOAD /usr/lib/gcc/arm-none-eabi/9.2.1/../../../arm-none-eabi/lib/thumb/v7e-m/nofp/libnosys.a
END GROUP
START GROUP
LOAD /usr/lib/gcc/arm-none-eabi/9.2.1/thumb/v7e-m/nofp/libgcc.a
LOAD /usr/lib/gcc/arm-none-eabi/9.2.1/../../../arm-none-eabi/lib/thumb/v7e-m/nofp/libc_nano.a
LOAD /usr/lib/gcc/arm-none-eabi/9.2.1/../../../arm-none-eabi/lib/thumb/v7e-m/nofp/libnosys.a
END GROUP
LOAD /usr/lib/gcc/arm-none-eabi/9.2.1/thumb/v7e-m/nofp/crtend.o
LOAD /usr/lib/gcc/arm-none-eabi/9.2.1/thumb/v7e-m/nofp/crtn.o
                0x000000002000a000                _estack = 0x2000a000
                0x0000000000000000                _Min_Heap_Size = 0x0
                0x0000000000000400                _Min_Stack_Size = 0x400

.isr_vector     0x0000000008000000      0x188
                0x0000000008000000                . = ALIGN (0x4)
 *(.isr_vector)
 .isr_vector    0x0000000008000000      0x188 objdir-CW308_STM32F3/stm32f3_startup.o
                0x0000000008000000                g_pfnVectors
                0x0000000008000188                . = ALIGN (0x4)

.text           0x0000000008000200     0x917c
                0x0000000008000200                . = ALIGN (0x4)
 *(.text)
 .text          0x0000000008000200       0x88 /usr/lib/gcc/arm-none-eabi/9.2.1/thumb/v7e-m/nofp/crtbegin.o
 *fill*         0x0000000008000288       0x78 
 .text          0x0000000008000300     0x783c objdir-CW308_STM32F3/Keccak1600NoOpt.o
                0x0000000008000300                KeccakF1600_StatePermute
 .text          0x0000000008007b3c       0x48 /usr/lib/gcc/arm-none-eabi/9.2.1/../../../arm-none-eabi/lib/thumb/v7e-m/nofp/libg_nano.a(lib_a-init.o)
                0x0000000008007b3c                __libc_init_array
 *(.text*)
 .text.get_mask
                0x0000000008007b84       0x28 objdir-CW308_STM32F3/KeccakFW.o
                0x0000000008007b84                get_mask
 .text.get_cycles
                0x0000000008007bac       0x2c objdir-CW308_STM32F3/KeccakFW.o
                0x0000000008007bac                get_cycles
 .text.prng_init
                0x0000000008007bd8       0x68 objdir-CW308_STM32F3/KeccakFW.o
                0x0000000008007bd8                prng_init
 .text.get_seed
                0x0000000008007c40       0x50 objdir-CW308_STM32F3/KeccakFW.o
                0x0000000008007c40                get_seed
 .text.prng_get_byte
                0x0000000008007c90      0x210 objdir-CW308_STM32F3/KeccakFW.o
                0x0000000008007c90                prng_get_byte
 .text.bit_interleave
                0x0000000008007ea0       0xb2 objdir-CW308_STM32F3/KeccakFW.o
                0x0000000008007ea0                bit_interleave
 .text.bit_deinterleave
                0x0000000008007f52       0xb2 objdir-CW308_STM32F3/KeccakFW.o
                0x0000000008007f52                bit_deinterleave
 .text.create_state
                0x0000000008008004       0x40 objdir-CW308_STM32F3/KeccakFW.o
                0x0000000008008004                create_state
 .text.mask_state
                0x0000000008008044       0x48 objdir-CW308_STM32F3/KeccakFW.o
                0x0000000008008044                mask_state
 .text.get_pt   0x000000000800808c       0xc8 objdir-CW308_STM32F3/KeccakFW.o
                0x000000000800808c                get_pt
 .text.unmask_state
                0x0000000008008154       0x34 objdir-CW308_STM32F3/KeccakFW.o
                0x0000000008008154                unmask_state
 .text.get_res  0x0000000008008188       0xb4 objdir-CW308_STM32F3/KeccakFW.o
                0x0000000008008188                get_res
 .text.startup.main
                0x000000000800823c       0x60 objdir-CW308_STM32F3/KeccakFW.o
                0x000000000800823c                main
 .text.platform_init
                0x000000000800829c       0x80 objdir-CW308_STM32F3/stm32f3_hal.o
                0x000000000800829c                platform_init
 .text.init_uart
                0x000000000800831c       0x7c objdir-CW308_STM32F3/stm32f3_hal.o
                0x000000000800831c                init_uart
 .text.trigger_setup
                0x0000000008008398       0x48 objdir-CW308_STM32F3/stm32f3_hal.o
                0x0000000008008398                trigger_setup
 .text.trigger_high
                0x00000000080083e0        0xe objdir-CW308_STM32F3/stm32f3_hal.o
                0x00000000080083e0                trigger_high
 .text.trigger_low
                0x00000000080083ee        0xe objdir-CW308_STM32F3/stm32f3_hal.o
                0x00000000080083ee                trigger_low
 .text.getch    0x00000000080083fc       0x34 objdir-CW308_STM32F3/stm32f3_hal.o
                0x00000000080083fc                getch
 .text.putch    0x0000000008008430       0x20 objdir-CW308_STM32F3/stm32f3_hal.o
                0x0000000008008430                putch
 .text.HAL_GPIO_Init
                0x0000000008008450      0x18c objdir-CW308_STM32F3/stm32f3xx_hal_gpio.o
                0x0000000008008450                HAL_GPIO_Init
 .text.HAL_GPIO_WritePin
                0x00000000080085dc        0xa objdir-CW308_STM32F3/stm32f3xx_hal_gpio.o
                0x00000000080085dc                HAL_GPIO_WritePin
 .text.HAL_GPIO_EXTI_Callback
                0x00000000080085e6        0x2 objdir-CW308_STM32F3/stm32f3xx_hal_gpio.o
                0x00000000080085e6                HAL_GPIO_EXTI_Callback
 .text.HAL_GPIO_EXTI_IRQHandler
                0x00000000080085e8       0x18 objdir-CW308_STM32F3/stm32f3xx_hal_gpio.o
                0x00000000080085e8                HAL_GPIO_EXTI_IRQHandler
 .text.NMI_Handler
                0x0000000008008600        0x2 objdir-CW308_STM32F3/stm32f3xx_it.o
                0x0000000008008600                NMI_Handler
 .text.HardFault_Handler
                0x0000000008008602        0x2 objdir-CW308_STM32F3/stm32f3xx_it.o
                0x0000000008008602                HardFault_Handler
 .text.MemManage_Handler
                0x0000000008008604        0x2 objdir-CW308_STM32F3/stm32f3xx_it.o
                0x0000000008008604                MemManage_Handler
 .text.BusFault_Handler
                0x0000000008008606        0x2 objdir-CW308_STM32F3/stm32f3xx_it.o
                0x0000000008008606                BusFault_Handler
 .text.UsageFault_Handler
                0x0000000008008608        0x2 objdir-CW308_STM32F3/stm32f3xx_it.o
                0x0000000008008608                UsageFault_Handler
 .text.SVC_Handler
                0x000000000800860a        0x2 objdir-CW308_STM32F3/stm32f3xx_it.o
                0x000000000800860a                SVC_Handler
 .text.DebugMon_Handler
                0x000000000800860c        0x2 objdir-CW308_STM32F3/stm32f3xx_it.o
                0x000000000800860c                DebugMon_Handler
 .text.PendSV_Handler
                0x000000000800860e        0x2 objdir-CW308_STM32F3/stm32f3xx_it.o
                0x000000000800860e                PendSV_Handler
 .text.EXTI15_10_IRQHandler
                0x0000000008008610        0x8 objdir-CW308_STM32F3/stm32f3xx_it.o
                0x0000000008008610                EXTI15_10_IRQHandler
 .text.check_version
                0x0000000008008618        0x4 objdir-CW308_STM32F3/simpleserial.o
                0x0000000008008618                check_version
 .text.simpleserial_put.part.0
                0x000000000800861c       0x40 objdir-CW308_STM32F3/simpleserial.o
 .text.ss_num_commands
                0x000000000800865c       0x24 objdir-CW308_STM32F3/simpleserial.o
                0x000000000800865c                ss_num_commands
 .text.ss_get_commands
                0x0000000008008680       0x50 objdir-CW308_STM32F3/simpleserial.o
                0x0000000008008680                ss_get_commands
 .text.hex_decode
                0x00000000080086d0       0x76 objdir-CW308_STM32F3/simpleserial.o
                0x00000000080086d0                hex_decode
 *fill*         0x0000000008008746        0x2 
 .text.simpleserial_addcmd_flags
                0x0000000008008748       0x2c objdir-CW308_STM32F3/simpleserial.o
                0x0000000008008748                simpleserial_addcmd_flags
 .text.simpleserial_addcmd
                0x0000000008008774        0x6 objdir-CW308_STM32F3/simpleserial.o
                0x0000000008008774                simpleserial_addcmd
 *fill*         0x000000000800877a        0x2 
 .text.simpleserial_init
                0x000000000800877c       0x30 objdir-CW308_STM32F3/simpleserial.o
                0x000000000800877c                simpleserial_init
 .text.simpleserial_get
                0x00000000080087ac       0xc4 objdir-CW308_STM32F3/simpleserial.o
                0x00000000080087ac                simpleserial_get
 .text.simpleserial_put
                0x0000000008008870        0x8 objdir-CW308_STM32F3/simpleserial.o
                0x0000000008008870                simpleserial_put
 .text.HAL_GetTick
                0x0000000008008878       0x10 objdir-CW308_STM32F3/stm32f3_hal_lowlevel.o
                0x0000000008008878                HAL_GetTick
 .text.HAL_RCC_OscConfig
                0x0000000008008888      0x4d0 objdir-CW308_STM32F3/stm32f3_hal_lowlevel.o
                0x0000000008008888                HAL_RCC_OscConfig
 .text.HAL_RCC_ClockConfig
                0x0000000008008d58      0x14c objdir-CW308_STM32F3/stm32f3_hal_lowlevel.o
                0x0000000008008d58                HAL_RCC_ClockConfig
 .text.UART_SetConfig
                0x0000000008008ea4      0x1e0 objdir-CW308_STM32F3/stm32f3_hal_lowlevel.o
                0x0000000008008ea4                UART_SetConfig
 .text.UART_WaitOnFlagUntilTimeout
                0x0000000008009084       0x58 objdir-CW308_STM32F3/stm32f3_hal_lowlevel.o
                0x0000000008009084                UART_WaitOnFlagUntilTimeout
 .text.UART_CheckIdleState
                0x00000000080090dc       0x64 objdir-CW308_STM32F3/stm32f3_hal_lowlevel.o
                0x00000000080090dc                UART_CheckIdleState
 .text.HAL_UART_Init
                0x0000000008009140       0x56 objdir-CW308_STM32F3/stm32f3_hal_lowlevel.o
                0x0000000008009140                HAL_UART_Init
 .text.HAL_UART_Transmit
                0x0000000008009196       0xac objdir-CW308_STM32F3/stm32f3_hal_lowlevel.o
                0x0000000008009196                HAL_UART_Transmit
 .text.HAL_UART_Receive
                0x0000000008009242       0xd6 objdir-CW308_STM32F3/stm32f3_hal_lowlevel.o
                0x0000000008009242                HAL_UART_Receive
 .text.Reset_Handler
                0x0000000008009318       0x48 objdir-CW308_STM32F3/stm32f3_startup.o
                0x0000000008009318                Reset_Handler
 .text.Default_Handler
                0x0000000008009360        0x2 objdir-CW308_STM32F3/stm32f3_startup.o
                0x0000000008009360                RTC_Alarm_IRQHandler
                0x0000000008009360                TIM8_TRG_COM_IRQHandler
                0x0000000008009360                TIM8_CC_IRQHandler
                0x0000000008009360                TIM1_CC_IRQHandler
                0x0000000008009360                USB_HP_IRQHandler
                0x0000000008009360                SysTick_Handler
                0x0000000008009360                PVD_IRQHandler
                0x0000000008009360                TAMP_STAMP_IRQHandler
                0x0000000008009360                EXTI3_IRQHandler
                0x0000000008009360                USB_HP_CAN_TX_IRQHandler
                0x0000000008009360                EXTI0_IRQHandler
                0x0000000008009360                I2C2_EV_IRQHandler
                0x0000000008009360                FPU_IRQHandler
                0x0000000008009360                TIM1_UP_TIM16_IRQHandler
                0x0000000008009360                ADC1_2_IRQHandler
                0x0000000008009360                SPI1_IRQHandler
                0x0000000008009360                CAN_SCE_IRQHandler
                0x0000000008009360                TIM6_DAC_IRQHandler
                0x0000000008009360                TIM8_UP_IRQHandler
                0x0000000008009360                DMA2_Channel2_IRQHandler
                0x0000000008009360                DMA1_Channel4_IRQHandler
                0x0000000008009360                USART3_IRQHandler
                0x0000000008009360                DMA1_Channel7_IRQHandler
                0x0000000008009360                UART5_IRQHandler
                0x0000000008009360                ADC3_IRQHandler
                0x0000000008009360                TIM4_IRQHandler
                0x0000000008009360                CAN_RX1_IRQHandler
                0x0000000008009360                DMA2_Channel1_IRQHandler
                0x0000000008009360                I2C1_EV_IRQHandler
                0x0000000008009360                DMA1_Channel6_IRQHandler
                0x0000000008009360                UART4_IRQHandler
                0x0000000008009360                DMA2_Channel4_IRQHandler
                0x0000000008009360                TIM3_IRQHandler
                0x0000000008009360                RCC_IRQHandler
                0x0000000008009360                DMA1_Channel1_IRQHandler
                0x0000000008009360                Default_Handler
                0x0000000008009360                USBWakeUp_RMP_IRQHandler
                0x0000000008009360                TIM7_IRQHandler
                0x0000000008009360                EXTI9_5_IRQHandler
                0x0000000008009360                RTC_WKUP_IRQHandler
                0x0000000008009360                SPI2_IRQHandler
                0x0000000008009360                USB_LP_CAN_RX0_IRQHandler
                0x0000000008009360                DMA2_Channel5_IRQHandler
                0x0000000008009360                DMA1_Channel5_IRQHandler
                0x0000000008009360                USB_LP_IRQHandler
                0x0000000008009360                EXTI4_IRQHandler
                0x0000000008009360                TIM1_TRG_COM_TIM17_IRQHandler
                0x0000000008009360                DMA1_Channel3_IRQHandler
                0x0000000008009360                ADC4_IRQHandler
                0x0000000008009360                WWDG_IRQHandler
                0x0000000008009360                TIM2_IRQHandler
                0x0000000008009360                COMP7_IRQHandler
                0x0000000008009360                COMP1_2_3_IRQHandler
                0x0000000008009360                EXTI1_IRQHandler
                0x0000000008009360                USART2_IRQHandler
                0x0000000008009360                COMP4_5_6_IRQHandler
                0x0000000008009360                I2C2_ER_IRQHandler
                0x0000000008009360                DMA1_Channel2_IRQHandler
                0x0000000008009360                TIM8_BRK_IRQHandler
                0x0000000008009360                FLASH_IRQHandler
                0x0000000008009360                USART1_IRQHandler
                0x0000000008009360                SPI3_IRQHandler
                0x0000000008009360                I2C1_ER_IRQHandler
                0x0000000008009360                USBWakeUp_IRQHandler
                0x0000000008009360                DMA2_Channel3_IRQHandler
                0x0000000008009360                EXTI2_TSC_IRQHandler
                0x0000000008009360                TIM1_BRK_TIM15_IRQHandler
 *(.glue_7)
 .glue_7        0x0000000008009362        0x0 linker stubs
 *(.glue_7t)
 .glue_7t       0x0000000008009362        0x0 linker stubs
 *(.eh_frame)
 *fill*         0x0000000008009362        0x2 
 .eh_frame      0x0000000008009364        0x0 /usr/lib/gcc/arm-none-eabi/9.2.1/thumb/v7e-m/nofp/crtbegin.o
 *(.init)
 .init          0x0000000008009364        0x4 /usr/lib/gcc/arm-none-eabi/9.2.1/thumb/v7e-m/nofp/crti.o
                0x0000000008009364                _init
 .init          0x0000000008009368        0x8 /usr/lib/gcc/arm-none-eabi/9.2.1/thumb/v7e-m/nofp/crtn.o
 *(.fini)
 .fini          0x0000000008009370        0x4 /usr/lib/gcc/arm-none-eabi/9.2.1/thumb/v7e-m/nofp/crti.o
                0x0000000008009370                _fini
 .fini          0x0000000008009374        0x8 /usr/lib/gcc/arm-none-eabi/9.2.1/thumb/v7e-m/nofp/crtn.o
                0x000000000800937c                . = ALIGN (0x4)
                0x000000000800937c                _etext = .

.vfp11_veneer   0x000000000800937c        0x0
 .vfp11_veneer  0x000000000800937c        0x0 linker stubs

.v4_bx          0x000000000800937c        0x0
 .v4_bx         0x000000000800937c        0x0 linker stubs

.iplt           0x000000000800937c        0x0
 .iplt          0x000000000800937c        0x0 /usr/lib/gcc/arm-none-eabi/9.2.1/thumb/v7e-m/nofp/crtbegin.o

.rodata         0x000000000800937c       0x14
                0x000000000800937c                . = ALIGN (0x4)
 *(.rodata)
 .rodata        0x000000000800937c       0x10 objdir-CW308_STM32F3/simpleserial.o
 .rodata        0x000000000800938c        0x3 objdir-CW308_STM32F3/stm32f3_hal_lowlevel.o
 *(.rodata*)
                0x0000000008009390                . = ALIGN (0x4)
 *fill*         0x000000000800938f        0x1 

.rel.dyn        0x0000000008009390        0x0
 .rel.iplt      0x0000000008009390        0x0 /usr/lib/gcc/arm-none-eabi/9.2.1/thumb/v7e-m/nofp/crtbegin.o

.ARM.extab      0x0000000008009390        0x0
                0x0000000008009390                . = ALIGN (0x4)
 *(.ARM.extab* .gnu.linkonce.armextab.*)
                0x0000000008009390                . = ALIGN (0x4)

.ARM            0x0000000008009390        0x0
                0x0000000008009390                . = ALIGN (0x4)
                0x0000000008009390                __exidx_start = .
 *(.ARM.exidx*)
                0x0000000008009390                __exidx_end = .
                0x0000000008009390                . = ALIGN (0x4)

.preinit_array  0x0000000008009390        0x0
                0x0000000008009390                . = ALIGN (0x4)
                0x0000000008009390                PROVIDE (__preinit_array_start = .)
 *(.preinit_array*)
                0x0000000008009390                PROVIDE (__preinit_array_end = .)
                0x0000000008009390                . = ALIGN (0x4)

.init_array     0x0000000008009390        0x4
                0x0000000008009390                . = ALIGN (0x4)
                0x0000000008009390                PROVIDE (__init_array_start = .)
 *(SORT_BY_NAME(.init_array.*))
 *(.init_array*)
 .init_array    0x0000000008009390        0x4 /usr/lib/gcc/arm-none-eabi/9.2.1/thumb/v7e-m/nofp/crtbegin.o
                0x0000000008009394                PROVIDE (__init_array_end = .)
                0x0000000008009394                . = ALIGN (0x4)

.fini_array     0x0000000008009394        0x4
                0x0000000008009394                . = ALIGN (0x4)
                0x0000000008009394                PROVIDE (__fini_array_start = .)
 *(SORT_BY_NAME(.fini_array.*))
 *(.fini_array*)
 .fini_array    0x0000000008009394        0x4 /usr/lib/gcc/arm-none-eabi/9.2.1/thumb/v7e-m/nofp/crtbegin.o
                0x0000000008009398                PROVIDE (__fini_array_end = .)
                0x0000000008009398                . = ALIGN (0x4)
                0x0000000008009398                _sidata = LOADADDR (.data)

.data           0x0000000020000000       0x10 load address 0x0000000008009398
                0x0000000020000000                . = ALIGN (0x4)
                0x0000000020000000                _sdata = .
 *(.data)
 .data          0x0000000020000000       0x10 objdir-CW308_STM32F3/KeccakFW.o
                0x0000000020000000                SCB_DEMCR
                0x0000000020000004                DWT_CYCCNT
                0x0000000020000008                DWT_CONTROL
                0x000000002000000c                n
 *(.data*)
                0x0000000020000010                . = ALIGN (0x4)
                0x0000000020000010                _edata = .

.tm_clone_table
                0x0000000020000010        0x0 load address 0x00000000080093a8
 .tm_clone_table
                0x0000000020000010        0x0 /usr/lib/gcc/arm-none-eabi/9.2.1/thumb/v7e-m/nofp/crtbegin.o
 .tm_clone_table
                0x0000000020000010        0x0 /usr/lib/gcc/arm-none-eabi/9.2.1/thumb/v7e-m/nofp/crtend.o

.igot.plt       0x0000000020000010        0x0 load address 0x00000000080093a8
 .igot.plt      0x0000000020000010        0x0 /usr/lib/gcc/arm-none-eabi/9.2.1/thumb/v7e-m/nofp/crtbegin.o
                0x0000000020000010                . = ALIGN (0x4)

.bss            0x0000000020000010      0xea0 load address 0x00000000080093a8
                0x0000000020000010                _sbss = .
                0x0000000020000010                __bss_start__ = _sbss
 *(.bss)
 .bss           0x0000000020000010       0x1c /usr/lib/gcc/arm-none-eabi/9.2.1/thumb/v7e-m/nofp/crtbegin.o
 .bss           0x000000002000002c       0x88 objdir-CW308_STM32F3/KeccakFW.o
                0x00000000200000b0                seed_counter
 .bss           0x00000000200000b4      0x104 objdir-CW308_STM32F3/simpleserial.o
 .bss           0x00000000200001b8        0x8 objdir-CW308_STM32F3/stm32f3_hal_lowlevel.o
                0x00000000200001b8                hal_sys_tick
                0x00000000200001bc                uwTick
 *(.bss*)
 *(COMMON)
 COMMON         0x00000000200001c0      0xc80 objdir-CW308_STM32F3/KeccakFW.o
                0x00000000200001c0                I2
                0x0000000020000288                x
                0x000000002000028c                ISHARES
                0x00000000200007bc                initial_mask
                0x00000000200007be                bytes_st
                0x0000000020000888                prng_state
                0x000000002000088c                I1
                0x0000000020000954                rec_d
                0x0000000020000a1c                s1
                0x0000000020000ae4                s0
                0x0000000020000bac                I0
                0x0000000020000c74                seed_chacha20
                0x0000000020000c94                delta
                0x0000000020000c98                y
                0x0000000020000c9c                pt_marker
                0x0000000020000cac                s2
                0x0000000020000d74                num_cycles_bytes
                0x0000000020000d78                rec
 COMMON         0x0000000020000e40       0x70 objdir-CW308_STM32F3/stm32f3_hal.o
                0x0000000020000e40                UartHandle
                0x0000000020000eb0                . = ALIGN (0x4)
                0x0000000020000eb0                _ebss = .
                0x0000000020000eb0                __bss_end__ = _ebss

._user_heap_stack
                0x0000000020000eb0      0x400 load address 0x00000000080093a8
                0x0000000020000eb0                . = ALIGN (0x8)
                0x0000000020000eb0                PROVIDE (end = .)
                [!provide]                        PROVIDE (_end = .)
                0x0000000020000eb0                . = (. + _Min_Heap_Size)
                0x00000000200012b0                . = (. + _Min_Stack_Size)
 *fill*         0x0000000020000eb0      0x400 
                0x00000000200012b0                . = ALIGN (0x8)

/DISCARD/
 libc.a(*)
 libm.a(*)
 libgcc.a(*)

.ARM.attributes
                0x0000000000000000       0x2a
 *(.ARM.attributes)
 .ARM.attributes
                0x0000000000000000       0x1e /usr/lib/gcc/arm-none-eabi/9.2.1/thumb/v7e-m/nofp/crti.o
 .ARM.attributes
                0x000000000000001e       0x2e /usr/lib/gcc/arm-none-eabi/9.2.1/thumb/v7e-m/nofp/crtbegin.o
 .ARM.attributes
                0x000000000000004c       0x2e objdir-CW308_STM32F3/KeccakFW.o
 .ARM.attributes
                0x000000000000007a       0x2e objdir-CW308_STM32F3/stm32f3_hal.o
 .ARM.attributes
                0x00000000000000a8       0x2e objdir-CW308_STM32F3/stm32f3xx_hal_gpio.o
 .ARM.attributes
                0x00000000000000d6       0x2e objdir-CW308_STM32F3/stm32f3xx_it.o
 .ARM.attributes
                0x0000000000000104       0x2e objdir-CW308_STM32F3/simpleserial.o
 .ARM.attributes
                0x0000000000000132       0x2e objdir-CW308_STM32F3/stm32f3_hal_lowlevel.o
 .ARM.attributes
                0x0000000000000160       0x1c objdir-CW308_STM32F3/Keccak1600NoOpt.o
 .ARM.attributes
                0x000000000000017c       0x21 objdir-CW308_STM32F3/stm32f3_startup.o
 .ARM.attributes
                0x000000000000019d       0x2e /usr/lib/gcc/arm-none-eabi/9.2.1/../../../arm-none-eabi/lib/thumb/v7e-m/nofp/libg_nano.a(lib_a-init.o)
 .ARM.attributes
                0x00000000000001cb       0x2e /usr/lib/gcc/arm-none-eabi/9.2.1/thumb/v7e-m/nofp/crtend.o
 .ARM.attributes
                0x00000000000001f9       0x1e /usr/lib/gcc/arm-none-eabi/9.2.1/thumb/v7e-m/nofp/crtn.o
OUTPUT(KeccakFW-CW308_STM32F3.elf elf32-littlearm)
LOAD linker stubs
LOAD /usr/lib/gcc/arm-none-eabi/9.2.1/../../../arm-none-eabi/lib/thumb/v7e-m/nofp/libc.a
LOAD /usr/lib/gcc/arm-none-eabi/9.2.1/../../../arm-none-eabi/lib/thumb/v7e-m/nofp/libm.a
LOAD /usr/lib/gcc/arm-none-eabi/9.2.1/thumb/v7e-m/nofp/libgcc.a

.comment        0x0000000000000000       0xa7
 .comment       0x0000000000000000       0x59 /usr/lib/gcc/arm-none-eabi/9.2.1/thumb/v7e-m/nofp/crtbegin.o
                                         0x5a (size before relaxing)
 .comment       0x0000000000000059       0x5a objdir-CW308_STM32F3/KeccakFW.o
 .comment       0x0000000000000059       0x5a objdir-CW308_STM32F3/stm32f3_hal.o
 .comment       0x0000000000000059       0x5a objdir-CW308_STM32F3/stm32f3xx_hal_gpio.o
 .comment       0x0000000000000059       0x5a objdir-CW308_STM32F3/stm32f3xx_it.o
 .comment       0x0000000000000059       0x5a objdir-CW308_STM32F3/simpleserial.o
 .comment       0x0000000000000059       0x5a objdir-CW308_STM32F3/stm32f3_hal_lowlevel.o
 .comment       0x0000000000000059       0x4e /usr/lib/gcc/arm-none-eabi/9.2.1/../../../arm-none-eabi/lib/thumb/v7e-m/nofp/libg_nano.a(lib_a-init.o)
                                         0x4f (size before relaxing)
 .comment       0x00000000000000a7       0x5a /usr/lib/gcc/arm-none-eabi/9.2.1/thumb/v7e-m/nofp/crtend.o

.debug_info     0x0000000000000000     0x5d08
 .debug_info    0x0000000000000000     0x17b9 objdir-CW308_STM32F3/KeccakFW.o
 .debug_info    0x00000000000017b9      0xeda objdir-CW308_STM32F3/stm32f3_hal.o
 .debug_info    0x0000000000002693      0x806 objdir-CW308_STM32F3/stm32f3xx_hal_gpio.o
 .debug_info    0x0000000000002e99      0x24c objdir-CW308_STM32F3/stm32f3xx_it.o
 .debug_info    0x00000000000030e5      0x8c3 objdir-CW308_STM32F3/simpleserial.o
 .debug_info    0x00000000000039a8     0x2246 objdir-CW308_STM32F3/stm32f3_hal_lowlevel.o
 .debug_info    0x0000000000005bee      0x11a /usr/lib/gcc/arm-none-eabi/9.2.1/../../../arm-none-eabi/lib/thumb/v7e-m/nofp/libg_nano.a(lib_a-init.o)

.debug_abbrev   0x0000000000000000     0x1308
 .debug_abbrev  0x0000000000000000      0x4cf objdir-CW308_STM32F3/KeccakFW.o
 .debug_abbrev  0x00000000000004cf      0x252 objdir-CW308_STM32F3/stm32f3_hal.o
 .debug_abbrev  0x0000000000000721      0x24d objdir-CW308_STM32F3/stm32f3xx_hal_gpio.o
 .debug_abbrev  0x000000000000096e      0x135 objdir-CW308_STM32F3/stm32f3xx_it.o
 .debug_abbrev  0x0000000000000aa3      0x331 objdir-CW308_STM32F3/simpleserial.o
 .debug_abbrev  0x0000000000000dd4      0x468 objdir-CW308_STM32F3/stm32f3_hal_lowlevel.o
 .debug_abbrev  0x000000000000123c       0xcc /usr/lib/gcc/arm-none-eabi/9.2.1/../../../arm-none-eabi/lib/thumb/v7e-m/nofp/libg_nano.a(lib_a-init.o)

.debug_loc      0x0000000000000000     0x2c2c
 .debug_loc     0x0000000000000000      0x9fa objdir-CW308_STM32F3/KeccakFW.o
 .debug_loc     0x00000000000009fa      0x1a4 objdir-CW308_STM32F3/stm32f3_hal.o
 .debug_loc     0x0000000000000b9e      0x3de objdir-CW308_STM32F3/stm32f3xx_hal_gpio.o
 .debug_loc     0x0000000000000f7c      0x778 objdir-CW308_STM32F3/simpleserial.o
 .debug_loc     0x00000000000016f4     0x147e objdir-CW308_STM32F3/stm32f3_hal_lowlevel.o
 .debug_loc     0x0000000000002b72       0xba /usr/lib/gcc/arm-none-eabi/9.2.1/../../../arm-none-eabi/lib/thumb/v7e-m/nofp/libg_nano.a(lib_a-init.o)

.debug_aranges  0x0000000000000000      0x2a0
 .debug_aranges
                0x0000000000000000       0x88 objdir-CW308_STM32F3/KeccakFW.o
 .debug_aranges
                0x0000000000000088       0x60 objdir-CW308_STM32F3/stm32f3_hal.o
 .debug_aranges
                0x00000000000000e8       0x58 objdir-CW308_STM32F3/stm32f3xx_hal_gpio.o
 .debug_aranges
                0x0000000000000140       0x50 objdir-CW308_STM32F3/stm32f3xx_it.o
 .debug_aranges
                0x0000000000000190       0x70 objdir-CW308_STM32F3/simpleserial.o
 .debug_aranges
                0x0000000000000200       0x80 objdir-CW308_STM32F3/stm32f3_hal_lowlevel.o
 .debug_aranges
                0x0000000000000280       0x20 /usr/lib/gcc/arm-none-eabi/9.2.1/../../../arm-none-eabi/lib/thumb/v7e-m/nofp/libg_nano.a(lib_a-init.o)

.debug_ranges   0x0000000000000000      0x618
 .debug_ranges  0x0000000000000000      0x1a0 objdir-CW308_STM32F3/KeccakFW.o
 .debug_ranges  0x00000000000001a0       0xb0 objdir-CW308_STM32F3/stm32f3_hal.o
 .debug_ranges  0x0000000000000250       0x68 objdir-CW308_STM32F3/stm32f3xx_hal_gpio.o
 .debug_ranges  0x00000000000002b8       0x40 objdir-CW308_STM32F3/stm32f3xx_it.o
 .debug_ranges  0x00000000000002f8      0x150 objdir-CW308_STM32F3/simpleserial.o
 .debug_ranges  0x0000000000000448      0x1d0 objdir-CW308_STM32F3/stm32f3_hal_lowlevel.o

.debug_line     0x0000000000000000     0x30c1
 .debug_line    0x0000000000000000      0xb2c objdir-CW308_STM32F3/KeccakFW.o
 .debug_line    0x0000000000000b2c      0x38f objdir-CW308_STM32F3/stm32f3_hal.o
 .debug_line    0x0000000000000ebb      0x65a objdir-CW308_STM32F3/stm32f3xx_hal_gpio.o
 .debug_line    0x0000000000001515      0x1ed objdir-CW308_STM32F3/stm32f3xx_it.o
 .debug_line    0x0000000000001702      0x547 objdir-CW308_STM32F3/simpleserial.o
 .debug_line    0x0000000000001c49     0x136b objdir-CW308_STM32F3/stm32f3_hal_lowlevel.o
 .debug_line    0x0000000000002fb4      0x10d /usr/lib/gcc/arm-none-eabi/9.2.1/../../../arm-none-eabi/lib/thumb/v7e-m/nofp/libg_nano.a(lib_a-init.o)

.debug_str      0x0000000000000000     0x1c45
 .debug_str     0x0000000000000000      0x837 objdir-CW308_STM32F3/KeccakFW.o
                                        0x8db (size before relaxing)
 .debug_str     0x0000000000000837      0x737 objdir-CW308_STM32F3/stm32f3_hal.o
                                        0x9c0 (size before relaxing)
 .debug_str     0x0000000000000f6e      0x1de objdir-CW308_STM32F3/stm32f3xx_hal_gpio.o
                                        0x558 (size before relaxing)
 .debug_str     0x000000000000114c       0xb9 objdir-CW308_STM32F3/stm32f3xx_it.o
                                        0x3a4 (size before relaxing)
 .debug_str     0x0000000000001205       0xd8 objdir-CW308_STM32F3/simpleserial.o
                                        0x350 (size before relaxing)
 .debug_str     0x00000000000012dd      0x7e1 objdir-CW308_STM32F3/stm32f3_hal_lowlevel.o
                                       0x10cc (size before relaxing)
 .debug_str     0x0000000000001abe      0x187 /usr/lib/gcc/arm-none-eabi/9.2.1/../../../arm-none-eabi/lib/thumb/v7e-m/nofp/libg_nano.a(lib_a-init.o)
                                        0x223 (size before relaxing)

.debug_frame    0x0000000000000000      0x734
 .debug_frame   0x0000000000000000      0x1d4 objdir-CW308_STM32F3/KeccakFW.o
 .debug_frame   0x00000000000001d4       0xec objdir-CW308_STM32F3/stm32f3_hal.o
 .debug_frame   0x00000000000002c0       0xd4 objdir-CW308_STM32F3/stm32f3xx_hal_gpio.o
 .debug_frame   0x0000000000000394       0xa0 objdir-CW308_STM32F3/stm32f3xx_it.o
 .debug_frame   0x0000000000000434      0x13c objdir-CW308_STM32F3/simpleserial.o
 .debug_frame   0x0000000000000570      0x198 objdir-CW308_STM32F3/stm32f3_hal_lowlevel.o
 .debug_frame   0x0000000000000708       0x2c /usr/lib/gcc/arm-none-eabi/9.2.1/../../../arm-none-eabi/lib/thumb/v7e-m/nofp/libg_nano.a(lib_a-init.o)

.stab           0x0000000000000000      0x1d4
 .stab          0x0000000000000000       0x9c objdir-CW308_STM32F3/Keccak1600NoOpt.o
 .stab          0x000000000000009c      0x138 objdir-CW308_STM32F3/stm32f3_startup.o
                                        0x144 (size before relaxing)

.stabstr        0x0000000000000000       0x5a
 .stabstr       0x0000000000000000       0x5a objdir-CW308_STM32F3/Keccak1600NoOpt.o

Cross Reference Table

Symbol                                            File
ADC1_2_IRQHandler                                 objdir-CW308_STM32F3/stm32f3_startup.o
ADC3_IRQHandler                                   objdir-CW308_STM32F3/stm32f3_startup.o
ADC4_IRQHandler                                   objdir-CW308_STM32F3/stm32f3_startup.o
AES128_ECB_decrypt                                objdir-CW308_STM32F3/aes.o
AES128_ECB_encrypt                                objdir-CW308_STM32F3/aes.o
AES128_ECB_indp_crypto                            objdir-CW308_STM32F3/aes.o
                                                  objdir-CW308_STM32F3/aes-independant.o
AES128_ECB_indp_setkey                            objdir-CW308_STM32F3/aes.o
                                                  objdir-CW308_STM32F3/aes-independant.o
BusFault_Handler                                  objdir-CW308_STM32F3/stm32f3xx_it.o
CAN_RX1_IRQHandler                                objdir-CW308_STM32F3/stm32f3_startup.o
CAN_SCE_IRQHandler                                objdir-CW308_STM32F3/stm32f3_startup.o
COMP1_2_3_IRQHandler                              objdir-CW308_STM32F3/stm32f3_startup.o
COMP4_5_6_IRQHandler                              objdir-CW308_STM32F3/stm32f3_startup.o
COMP7_IRQHandler                                  objdir-CW308_STM32F3/stm32f3_startup.o
DMA1_Channel1_IRQHandler                          objdir-CW308_STM32F3/stm32f3_startup.o
DMA1_Channel2_IRQHandler                          objdir-CW308_STM32F3/stm32f3_startup.o
DMA1_Channel3_IRQHandler                          objdir-CW308_STM32F3/stm32f3_startup.o
DMA1_Channel4_IRQHandler                          objdir-CW308_STM32F3/stm32f3_startup.o
DMA1_Channel5_IRQHandler                          objdir-CW308_STM32F3/stm32f3_startup.o
DMA1_Channel6_IRQHandler                          objdir-CW308_STM32F3/stm32f3_startup.o
DMA1_Channel7_IRQHandler                          objdir-CW308_STM32F3/stm32f3_startup.o
DMA2_Channel1_IRQHandler                          objdir-CW308_STM32F3/stm32f3_startup.o
DMA2_Channel2_IRQHandler                          objdir-CW308_STM32F3/stm32f3_startup.o
DMA2_Channel3_IRQHandler                          objdir-CW308_STM32F3/stm32f3_startup.o
DMA2_Channel4_IRQHandler                          objdir-CW308_STM32F3/stm32f3_startup.o
DMA2_Channel5_IRQHandler                          objdir-CW308_STM32F3/stm32f3_startup.o
DWT_CONTROL                                       objdir-CW308_STM32F3/KeccakFW.o
DWT_CYCCNT                                        objdir-CW308_STM32F3/KeccakFW.o
DebugMon_Handler                                  objdir-CW308_STM32F3/stm32f3xx_it.o
Default_Handler                                   objdir-CW308_STM32F3/stm32f3_startup.o
EXTI0_IRQHandler                                  objdir-CW308_STM32F3/stm32f3_startup.o
EXTI15_10_IRQHandler                              objdir-CW308_STM32F3/stm32f3xx_it.o
EXTI1_IRQHandler                                  objdir-CW308_STM32F3/stm32f3_startup.o
EXTI2_TSC_IRQHandler                              objdir-CW308_STM32F3/stm32f3_startup.o
EXTI3_IRQHandler                                  objdir-CW308_STM32F3/stm32f3_startup.o
EXTI4_IRQHandler                                  objdir-CW308_STM32F3/stm32f3_startup.o
EXTI9_5_IRQHandler                                objdir-CW308_STM32F3/stm32f3_startup.o
FLASH_IRQHandler                                  objdir-CW308_STM32F3/stm32f3_startup.o
FPU_IRQHandler                                    objdir-CW308_STM32F3/stm32f3_startup.o
HAL_GPIO_DeInit                                   objdir-CW308_STM32F3/stm32f3xx_hal_gpio.o
HAL_GPIO_EXTI_Callback                            objdir-CW308_STM32F3/stm32f3xx_hal_gpio.o
HAL_GPIO_EXTI_IRQHandler                          objdir-CW308_STM32F3/stm32f3xx_hal_gpio.o
                                                  objdir-CW308_STM32F3/stm32f3xx_it.o
HAL_GPIO_Init                                     objdir-CW308_STM32F3/stm32f3xx_hal_gpio.o
                                                  objdir-CW308_STM32F3/stm32f3_hal.o
HAL_GPIO_LockPin                                  objdir-CW308_STM32F3/stm32f3xx_hal_gpio.o
HAL_GPIO_ReadPin                                  objdir-CW308_STM32F3/stm32f3xx_hal_gpio.o
HAL_GPIO_TogglePin                                objdir-CW308_STM32F3/stm32f3xx_hal_gpio.o
HAL_GPIO_WritePin                                 objdir-CW308_STM32F3/stm32f3xx_hal_gpio.o
                                                  objdir-CW308_STM32F3/stm32f3_hal.o
HAL_GetTick                                       objdir-CW308_STM32F3/stm32f3_hal_lowlevel.o
HAL_IncTick                                       objdir-CW308_STM32F3/stm32f3_hal_lowlevel.o
HAL_InitTick                                      objdir-CW308_STM32F3/stm32f3_hal_lowlevel.o
HAL_MspInit                                       objdir-CW308_STM32F3/stm32f3xx_hal_msp.o
HAL_NVIC_SetPriority                              objdir-CW308_STM32F3/stm32f3_hal_lowlevel.o
HAL_RCC_ClockConfig                               objdir-CW308_STM32F3/stm32f3_hal_lowlevel.o
                                                  objdir-CW308_STM32F3/stm32f3_hal.o
HAL_RCC_GetPCLK1Freq                              objdir-CW308_STM32F3/stm32f3_hal_lowlevel.o
HAL_RCC_GetPCLK2Freq                              objdir-CW308_STM32F3/stm32f3_hal_lowlevel.o
HAL_RCC_GetSysClockFreq                           objdir-CW308_STM32F3/stm32f3_hal_lowlevel.o
HAL_RCC_OscConfig                                 objdir-CW308_STM32F3/stm32f3_hal_lowlevel.o
                                                  objdir-CW308_STM32F3/stm32f3_hal.o
HAL_UART_Init                                     objdir-CW308_STM32F3/stm32f3_hal_lowlevel.o
                                                  objdir-CW308_STM32F3/stm32f3_hal.o
HAL_UART_Receive                                  objdir-CW308_STM32F3/stm32f3_hal_lowlevel.o
                                                  objdir-CW308_STM32F3/stm32f3_hal.o
HAL_UART_Transmit                                 objdir-CW308_STM32F3/stm32f3_hal_lowlevel.o
                                                  objdir-CW308_STM32F3/stm32f3_hal.o
HardFault_Handler                                 objdir-CW308_STM32F3/stm32f3xx_it.o
I0                                                objdir-CW308_STM32F3/KeccakFW.o
I1                                                objdir-CW308_STM32F3/KeccakFW.o
I2                                                objdir-CW308_STM32F3/KeccakFW.o
I2C1_ER_IRQHandler                                objdir-CW308_STM32F3/stm32f3_startup.o
I2C1_EV_IRQHandler                                objdir-CW308_STM32F3/stm32f3_startup.o
I2C2_ER_IRQHandler                                objdir-CW308_STM32F3/stm32f3_startup.o
I2C2_EV_IRQHandler                                objdir-CW308_STM32F3/stm32f3_startup.o
ISHARES                                           objdir-CW308_STM32F3/KeccakFW.o
KeccakF1600_StatePermute                          objdir-CW308_STM32F3/Keccak1600NoOpt.o
                                                  objdir-CW308_STM32F3/KeccakFW.o
MemManage_Handler                                 objdir-CW308_STM32F3/stm32f3xx_it.o
NMI_Handler                                       objdir-CW308_STM32F3/stm32f3xx_it.o
PVD_IRQHandler                                    objdir-CW308_STM32F3/stm32f3_startup.o
PendSV_Handler                                    objdir-CW308_STM32F3/stm32f3xx_it.o
RCC_IRQHandler                                    objdir-CW308_STM32F3/stm32f3_startup.o
RTC_Alarm_IRQHandler                              objdir-CW308_STM32F3/stm32f3_startup.o
RTC_WKUP_IRQHandler                               objdir-CW308_STM32F3/stm32f3_startup.o
Rcon                                              objdir-CW308_STM32F3/aes.o
Reset_Handler                                     objdir-CW308_STM32F3/stm32f3_startup.o
SCB_DEMCR                                         objdir-CW308_STM32F3/KeccakFW.o
SPI1_IRQHandler                                   objdir-CW308_STM32F3/stm32f3_startup.o
SPI2_IRQHandler                                   objdir-CW308_STM32F3/stm32f3_startup.o
SPI3_IRQHandler                                   objdir-CW308_STM32F3/stm32f3_startup.o
SVC_Handler                                       objdir-CW308_STM32F3/stm32f3xx_it.o
SysTick_Handler                                   objdir-CW308_STM32F3/stm32f3_startup.o
SystemCoreClock                                   objdir-CW308_STM32F3/stm32f3_hal_lowlevel.o
SystemInit                                        objdir-CW308_STM32F3/stm32f3_startup.o
TAMP_STAMP_IRQHandler                             objdir-CW308_STM32F3/stm32f3_startup.o
TIM1_BRK_TIM15_IRQHandler                         objdir-CW308_STM32F3/stm32f3_startup.o
TIM1_CC_IRQHandler                                objdir-CW308_STM32F3/stm32f3_startup.o
TIM1_TRG_COM_TIM17_IRQHandler                     objdir-CW308_STM32F3/stm32f3_startup.o
TIM1_UP_TIM16_IRQHandler                          objdir-CW308_STM32F3/stm32f3_startup.o
TIM2_IRQHandler                                   objdir-CW308_STM32F3/stm32f3_startup.o
TIM3_IRQHandler                                   objdir-CW308_STM32F3/stm32f3_startup.o
TIM4_IRQHandler                                   objdir-CW308_STM32F3/stm32f3_startup.o
TIM6_DAC_IRQHandler                               objdir-CW308_STM32F3/stm32f3_startup.o
TIM7_IRQHandler                                   objdir-CW308_STM32F3/stm32f3_startup.o
TIM8_BRK_IRQHandler                               objdir-CW308_STM32F3/stm32f3_startup.o
TIM8_CC_IRQHandler                                objdir-CW308_STM32F3/stm32f3_startup.o
TIM8_TRG_COM_IRQHandler                           objdir-CW308_STM32F3/stm32f3_startup.o
TIM8_UP_IRQHandler                                objdir-CW308_STM32F3/stm32f3_startup.o
UART4_IRQHandler                                  objdir-CW308_STM32F3/stm32f3_startup.o
UART5_IRQHandler                                  objdir-CW308_STM32F3/stm32f3_startup.o
UART_CheckIdleState                               objdir-CW308_STM32F3/stm32f3_hal_lowlevel.o
UART_SetConfig                                    objdir-CW308_STM32F3/stm32f3_hal_lowlevel.o
UART_WaitOnFlagUntilTimeout                       objdir-CW308_STM32F3/stm32f3_hal_lowlevel.o
USART1_IRQHandler                                 objdir-CW308_STM32F3/stm32f3_startup.o
USART2_IRQHandler                                 objdir-CW308_STM32F3/stm32f3_startup.o
USART3_IRQHandler                                 objdir-CW308_STM32F3/stm32f3_startup.o
USBWakeUp_IRQHandler                              objdir-CW308_STM32F3/stm32f3_startup.o
USBWakeUp_RMP_IRQHandler                          objdir-CW308_STM32F3/stm32f3_startup.o
USB_HP_CAN_TX_IRQHandler                          objdir-CW308_STM32F3/stm32f3_startup.o
USB_HP_IRQHandler                                 objdir-CW308_STM32F3/stm32f3_startup.o
USB_LP_CAN_RX0_IRQHandler                         objdir-CW308_STM32F3/stm32f3_startup.o
USB_LP_IRQHandler                                 objdir-CW308_STM32F3/stm32f3_startup.o
UartHandle                                        objdir-CW308_STM32F3/stm32f3_hal.o
UsageFault_Handler                                objdir-CW308_STM32F3/stm32f3xx_it.o
WWDG_IRQHandler                                   objdir-CW308_STM32F3/stm32f3_startup.o
_ITM_deregisterTMCloneTable                       /usr/lib/gcc/arm-none-eabi/9.2.1/thumb/v7e-m/nofp/crtbegin.o
_ITM_registerTMCloneTable                         /usr/lib/gcc/arm-none-eabi/9.2.1/thumb/v7e-m/nofp/crtbegin.o
__TMC_END__                                       /usr/lib/gcc/arm-none-eabi/9.2.1/thumb/v7e-m/nofp/crtend.o
                                                  /usr/lib/gcc/arm-none-eabi/9.2.1/thumb/v7e-m/nofp/crtbegin.o
__atexit_dummy                                    /usr/lib/gcc/arm-none-eabi/9.2.1/../../../arm-none-eabi/lib/thumb/v7e-m/nofp/libg_nano.a(lib_a-__atexit.o)
__bss_end__                                       /usr/lib/gcc/arm-none-eabi/9.2.1/../../../arm-none-eabi/lib/thumb/v7e-m/nofp/crt0.o
__bss_start__                                     /usr/lib/gcc/arm-none-eabi/9.2.1/../../../arm-none-eabi/lib/thumb/v7e-m/nofp/crt0.o
__call_exitprocs                                  /usr/lib/gcc/arm-none-eabi/9.2.1/../../../arm-none-eabi/lib/thumb/v7e-m/nofp/libg_nano.a(lib_a-__call_atexit.o)
                                                  /usr/lib/gcc/arm-none-eabi/9.2.1/../../../arm-none-eabi/lib/thumb/v7e-m/nofp/libg_nano.a(lib_a-__atexit.o)
                                                  /usr/lib/gcc/arm-none-eabi/9.2.1/../../../arm-none-eabi/lib/thumb/v7e-m/nofp/libg_nano.a(lib_a-exit.o)
__deregister_frame_info                           /usr/lib/gcc/arm-none-eabi/9.2.1/thumb/v7e-m/nofp/crtbegin.o
__dso_handle                                      /usr/lib/gcc/arm-none-eabi/9.2.1/thumb/v7e-m/nofp/crtbegin.o
__errno                                           /usr/lib/gcc/arm-none-eabi/9.2.1/../../../arm-none-eabi/lib/thumb/v7e-m/nofp/libg_nano.a(lib_a-errno.o)
                                                  objdir-CW308_STM32F3/stm32f3_sysmem.o
__fini_array_end                                  /usr/lib/gcc/arm-none-eabi/9.2.1/../../../arm-none-eabi/lib/thumb/v7e-m/nofp/libg_nano.a(lib_a-fini.o)
__fini_array_start                                /usr/lib/gcc/arm-none-eabi/9.2.1/../../../arm-none-eabi/lib/thumb/v7e-m/nofp/libg_nano.a(lib_a-fini.o)
__init_array_end                                  /usr/lib/gcc/arm-none-eabi/9.2.1/../../../arm-none-eabi/lib/thumb/v7e-m/nofp/libg_nano.a(lib_a-init.o)
__init_array_start                                /usr/lib/gcc/arm-none-eabi/9.2.1/../../../arm-none-eabi/lib/thumb/v7e-m/nofp/libg_nano.a(lib_a-init.o)
__libc_fini_array                                 /usr/lib/gcc/arm-none-eabi/9.2.1/../../../arm-none-eabi/lib/thumb/v7e-m/nofp/libg_nano.a(lib_a-fini.o)
                                                  /usr/lib/gcc/arm-none-eabi/9.2.1/../../../arm-none-eabi/lib/thumb/v7e-m/nofp/crt0.o
__libc_init_array                                 /usr/lib/gcc/arm-none-eabi/9.2.1/../../../arm-none-eabi/lib/thumb/v7e-m/nofp/libg_nano.a(lib_a-init.o)
                                                  objdir-CW308_STM32F3/stm32f3_startup.o
                                                  /usr/lib/gcc/arm-none-eabi/9.2.1/../../../arm-none-eabi/lib/thumb/v7e-m/nofp/crt0.o
__on_exit_args                                    /usr/lib/gcc/arm-none-eabi/9.2.1/../../../arm-none-eabi/lib/thumb/v7e-m/nofp/libg_nano.a(lib_a-__atexit.o)
__preinit_array_end                               /usr/lib/gcc/arm-none-eabi/9.2.1/../../../arm-none-eabi/lib/thumb/v7e-m/nofp/libg_nano.a(lib_a-init.o)
__preinit_array_start                             /usr/lib/gcc/arm-none-eabi/9.2.1/../../../arm-none-eabi/lib/thumb/v7e-m/nofp/libg_nano.a(lib_a-init.o)
__register_exitproc                               /usr/lib/gcc/arm-none-eabi/9.2.1/../../../arm-none-eabi/lib/thumb/v7e-m/nofp/libg_nano.a(lib_a-__atexit.o)
                                                  /usr/lib/gcc/arm-none-eabi/9.2.1/../../../arm-none-eabi/lib/thumb/v7e-m/nofp/libg_nano.a(lib_a-atexit.o)
__register_frame_info                             /usr/lib/gcc/arm-none-eabi/9.2.1/thumb/v7e-m/nofp/crtbegin.o
__sf_fake_stderr                                  /usr/lib/gcc/arm-none-eabi/9.2.1/../../../arm-none-eabi/lib/thumb/v7e-m/nofp/libg_nano.a(lib_a-impure.o)
__sf_fake_stdin                                   /usr/lib/gcc/arm-none-eabi/9.2.1/../../../arm-none-eabi/lib/thumb/v7e-m/nofp/libg_nano.a(lib_a-impure.o)
__sf_fake_stdout                                  /usr/lib/gcc/arm-none-eabi/9.2.1/../../../arm-none-eabi/lib/thumb/v7e-m/nofp/libg_nano.a(lib_a-impure.o)
__stack                                           /usr/lib/gcc/arm-none-eabi/9.2.1/../../../arm-none-eabi/lib/thumb/v7e-m/nofp/crt0.o
_ebss                                             objdir-CW308_STM32F3/stm32f3_startup.o
_edata                                            objdir-CW308_STM32F3/stm32f3_startup.o
_estack                                           objdir-CW308_STM32F3/stm32f3_startup.o
_exit                                             /usr/lib/gcc/arm-none-eabi/9.2.1/../../../arm-none-eabi/lib/thumb/v7e-m/nofp/libnosys.a(_exit.o)
                                                  /usr/lib/gcc/arm-none-eabi/9.2.1/../../../arm-none-eabi/lib/thumb/v7e-m/nofp/libg_nano.a(lib_a-exit.o)
_fini                                             /usr/lib/gcc/arm-none-eabi/9.2.1/thumb/v7e-m/nofp/crti.o
                                                  /usr/lib/gcc/arm-none-eabi/9.2.1/../../../arm-none-eabi/lib/thumb/v7e-m/nofp/libg_nano.a(lib_a-fini.o)
_global_atexit                                    /usr/lib/gcc/arm-none-eabi/9.2.1/../../../arm-none-eabi/lib/thumb/v7e-m/nofp/libg_nano.a(lib_a-__call_atexit.o)
                                                  /usr/lib/gcc/arm-none-eabi/9.2.1/../../../arm-none-eabi/lib/thumb/v7e-m/nofp/libg_nano.a(lib_a-__atexit.o)
_global_impure_ptr                                /usr/lib/gcc/arm-none-eabi/9.2.1/../../../arm-none-eabi/lib/thumb/v7e-m/nofp/libg_nano.a(lib_a-impure.o)
                                                  /usr/lib/gcc/arm-none-eabi/9.2.1/../../../arm-none-eabi/lib/thumb/v7e-m/nofp/libg_nano.a(lib_a-exit.o)
_impure_ptr                                       /usr/lib/gcc/arm-none-eabi/9.2.1/../../../arm-none-eabi/lib/thumb/v7e-m/nofp/libg_nano.a(lib_a-impure.o)
                                                  /usr/lib/gcc/arm-none-eabi/9.2.1/../../../arm-none-eabi/lib/thumb/v7e-m/nofp/libg_nano.a(lib_a-errno.o)
_init                                             /usr/lib/gcc/arm-none-eabi/9.2.1/thumb/v7e-m/nofp/crti.o
                                                  /usr/lib/gcc/arm-none-eabi/9.2.1/../../../arm-none-eabi/lib/thumb/v7e-m/nofp/libg_nano.a(lib_a-init.o)
_mainCRTStartup                                   /usr/lib/gcc/arm-none-eabi/9.2.1/../../../arm-none-eabi/lib/thumb/v7e-m/nofp/crt0.o
_sbrk                                             objdir-CW308_STM32F3/stm32f3_sysmem.o
_sbss                                             objdir-CW308_STM32F3/stm32f3_startup.o
_sdata                                            objdir-CW308_STM32F3/stm32f3_startup.o
_sidata                                           objdir-CW308_STM32F3/stm32f3_startup.o
_stack_init                                       /usr/lib/gcc/arm-none-eabi/9.2.1/../../../arm-none-eabi/lib/thumb/v7e-m/nofp/crt0.o
_start                                            /usr/lib/gcc/arm-none-eabi/9.2.1/../../../arm-none-eabi/lib/thumb/v7e-m/nofp/crt0.o
aes_indep_enc                                     objdir-CW308_STM32F3/aes-independant.o
aes_indep_enc_posttrigger                         objdir-CW308_STM32F3/aes-independant.o
aes_indep_enc_pretrigger                          objdir-CW308_STM32F3/aes-independant.o
aes_indep_init                                    objdir-CW308_STM32F3/aes-independant.o
aes_indep_key                                     objdir-CW308_STM32F3/aes-independant.o
aes_indep_mask                                    objdir-CW308_STM32F3/aes-independant.o
atexit                                            /usr/lib/gcc/arm-none-eabi/9.2.1/../../../arm-none-eabi/lib/thumb/v7e-m/nofp/libg_nano.a(lib_a-atexit.o)
                                                  /usr/lib/gcc/arm-none-eabi/9.2.1/../../../arm-none-eabi/lib/thumb/v7e-m/nofp/crt0.o
bit_deinterleave                                  objdir-CW308_STM32F3/KeccakFW.o
bit_interleave                                    objdir-CW308_STM32F3/KeccakFW.o
bytes_st                                          objdir-CW308_STM32F3/KeccakFW.o
change_err_led                                    objdir-CW308_STM32F3/stm32f3_hal.o
change_ok_led                                     objdir-CW308_STM32F3/stm32f3_hal.o
check_version                                     objdir-CW308_STM32F3/simpleserial.o
create_state                                      objdir-CW308_STM32F3/KeccakFW.o
delta                                             objdir-CW308_STM32F3/KeccakFW.o
enckey                                            objdir-CW308_STM32F3/aes-independant.o
end                                               objdir-CW308_STM32F3/stm32f3_sysmem.o
exit                                              /usr/lib/gcc/arm-none-eabi/9.2.1/../../../arm-none-eabi/lib/thumb/v7e-m/nofp/libg_nano.a(lib_a-exit.o)
                                                  /usr/lib/gcc/arm-none-eabi/9.2.1/../../../arm-none-eabi/lib/thumb/v7e-m/nofp/crt0.o
g_pfnVectors                                      objdir-CW308_STM32F3/stm32f3_startup.o
get_cycles                                        objdir-CW308_STM32F3/KeccakFW.o
get_mask                                          objdir-CW308_STM32F3/KeccakFW.o
get_pt                                            objdir-CW308_STM32F3/KeccakFW.o
get_res                                           objdir-CW308_STM32F3/KeccakFW.o
get_seed                                          objdir-CW308_STM32F3/KeccakFW.o
getch                                             objdir-CW308_STM32F3/stm32f3_hal.o
                                                  objdir-CW308_STM32F3/simpleserial.o
hal_sys_tick                                      objdir-CW308_STM32F3/stm32f3_hal_lowlevel.o
hardware_init_hook                                /usr/lib/gcc/arm-none-eabi/9.2.1/../../../arm-none-eabi/lib/thumb/v7e-m/nofp/crt0.o
hex_decode                                        objdir-CW308_STM32F3/simpleserial.o
init_uart                                         objdir-CW308_STM32F3/stm32f3_hal.o
                                                  objdir-CW308_STM32F3/KeccakFW.o
initial_mask                                      objdir-CW308_STM32F3/KeccakFW.o
led_error                                         objdir-CW308_STM32F3/hal.o
led_ok                                            objdir-CW308_STM32F3/hal.o
main                                              objdir-CW308_STM32F3/KeccakFW.o
                                                  objdir-CW308_STM32F3/stm32f3_startup.o
                                                  /usr/lib/gcc/arm-none-eabi/9.2.1/../../../arm-none-eabi/lib/thumb/v7e-m/nofp/crt0.o
malloc                                            /usr/lib/gcc/arm-none-eabi/9.2.1/../../../arm-none-eabi/lib/thumb/v7e-m/nofp/libg_nano.a(lib_a-__atexit.o)
mask_state                                        objdir-CW308_STM32F3/KeccakFW.o
memset                                            /usr/lib/gcc/arm-none-eabi/9.2.1/../../../arm-none-eabi/lib/thumb/v7e-m/nofp/libg_nano.a(lib_a-memset.o)
                                                  /usr/lib/gcc/arm-none-eabi/9.2.1/../../../arm-none-eabi/lib/thumb/v7e-m/nofp/crt0.o
n                                                 objdir-CW308_STM32F3/KeccakFW.o
num_cycles_bytes                                  objdir-CW308_STM32F3/KeccakFW.o
platform_init                                     objdir-CW308_STM32F3/stm32f3_hal.o
                                                  objdir-CW308_STM32F3/KeccakFW.o
prng_get_byte                                     objdir-CW308_STM32F3/KeccakFW.o
prng_init                                         objdir-CW308_STM32F3/KeccakFW.o
prng_state                                        objdir-CW308_STM32F3/KeccakFW.o
pt_marker                                         objdir-CW308_STM32F3/KeccakFW.o
putch                                             objdir-CW308_STM32F3/stm32f3_hal.o
                                                  objdir-CW308_STM32F3/simpleserial.o
rand_share_64                                     objdir-CW308_STM32F3/KeccakFW.o
rec                                               objdir-CW308_STM32F3/KeccakFW.o
rec_d                                             objdir-CW308_STM32F3/KeccakFW.o
rsbox                                             objdir-CW308_STM32F3/aes.o
s0                                                objdir-CW308_STM32F3/KeccakFW.o
s1                                                objdir-CW308_STM32F3/KeccakFW.o
s2                                                objdir-CW308_STM32F3/KeccakFW.o
sbox                                              objdir-CW308_STM32F3/aes.o
seed_chacha20                                     objdir-CW308_STM32F3/KeccakFW.o
seed_counter                                      objdir-CW308_STM32F3/KeccakFW.o
simpleserial_addcmd                               objdir-CW308_STM32F3/simpleserial.o
                                                  objdir-CW308_STM32F3/KeccakFW.o
simpleserial_addcmd_flags                         objdir-CW308_STM32F3/simpleserial.o
simpleserial_get                                  objdir-CW308_STM32F3/simpleserial.o
                                                  objdir-CW308_STM32F3/KeccakFW.o
simpleserial_init                                 objdir-CW308_STM32F3/simpleserial.o
                                                  objdir-CW308_STM32F3/KeccakFW.o
simpleserial_put                                  objdir-CW308_STM32F3/simpleserial.o
                                                  objdir-CW308_STM32F3/KeccakFW.o
software_init_hook                                /usr/lib/gcc/arm-none-eabi/9.2.1/../../../arm-none-eabi/lib/thumb/v7e-m/nofp/crt0.o
ss_crc                                            objdir-CW308_STM32F3/simpleserial.o
ss_get_commands                                   objdir-CW308_STM32F3/simpleserial.o
ss_num_commands                                   objdir-CW308_STM32F3/simpleserial.o
trigger_high                                      objdir-CW308_STM32F3/stm32f3_hal.o
                                                  objdir-CW308_STM32F3/KeccakFW.o
trigger_low                                       objdir-CW308_STM32F3/stm32f3_hal.o
                                                  objdir-CW308_STM32F3/KeccakFW.o
trigger_setup                                     objdir-CW308_STM32F3/stm32f3_hal.o
                                                  objdir-CW308_STM32F3/KeccakFW.o
unmask_state                                      objdir-CW308_STM32F3/KeccakFW.o
uwTick                                            objdir-CW308_STM32F3/stm32f3_hal_lowlevel.o
x                                                 objdir-CW308_STM32F3/KeccakFW.o
y                                                 objdir-CW308_STM32F3/KeccakFW.o
